ARM Linker, 4.1 [Build 894] [Evaluation]

==============================================================================

Section Cross References

    startup_nuc1xx.o(STACK) refers (Special) to heapauxi.o(.text) for __use_two_region_memory
    startup_nuc1xx.o(HEAP) refers (Special) to heapauxi.o(.text) for __use_two_region_memory
    startup_nuc1xx.o(RESET) refers (Special) to heapauxi.o(.text) for __use_two_region_memory
    startup_nuc1xx.o(RESET) refers to startup_nuc1xx.o(STACK) for __initial_sp
    startup_nuc1xx.o(RESET) refers to startup_nuc1xx.o(.text) for Reset_Handler
    startup_nuc1xx.o(RESET) refers to hal_cm1.o(.emb_text) for SVC_Handler
    startup_nuc1xx.o(RESET) refers to drvsys.o(.text) for BOD_IRQHandler
    startup_nuc1xx.o(RESET) refers to drvgpio.o(.text) for EINT0_IRQHandler
    startup_nuc1xx.o(.text) refers (Special) to heapauxi.o(.text) for __use_two_region_memory
    startup_nuc1xx.o(.text) refers to system_nuc1xx.o(.text) for SystemInit
    startup_nuc1xx.o(.text) refers to __main.o(!!!main) for __main
    startup_nuc1xx.o(.text) refers to startup_nuc1xx.o(HEAP) for Heap_Mem
    startup_nuc1xx.o(.text) refers to startup_nuc1xx.o(STACK) for Stack_Mem
    system_nuc1xx.o(.text) refers to aeabi_sdiv.o(.text) for __aeabi_uidivmod
    system_nuc1xx.o(.text) refers to system_nuc1xx.o(.data) for .data
    lcd_driver.o(.text) refers to drvgpio.o(.text) for DrvGPIO_Open
    lcd_driver.o(.text) refers to lcd_driver.o(.data) for .data
    lcd_driver.o(.text) refers to ascii_table.o(.data) for Ascii
    rtx_conf_cm.o(.text) refers to rt_task.o(i.rt_tsk_self) for rt_tsk_self
    rtx_conf_cm.o(.text) refers to rt_mutex.o(i.rt_mut_init) for rt_mut_init
    rtx_conf_cm.o(.text) refers to rtx_conf_cm.o(.bss) for .bss
    rtx_conf_cm.o(.text) refers to libspace.o(.bss) for __libspace_start
    rtx_conf_cm.o(.text) refers to rtx_conf_cm.o(.data) for .data
    rtx_conf_cm.o(.text) refers to rt_mutex.o(i.rt_mut_wait) for rt_mut_wait
    rtx_conf_cm.o(.text) refers to rt_mutex.o(i.rt_mut_release) for rt_mut_release
    rtx_conf_cm.o(.data) refers to rtx_conf_cm.o(.bss) for mp_tmr
    drvgpio.o(.text) refers to drvgpio.o(.data) for .data
    drvgpio.o(.text) refers to drvgpio.o(i.__ARM_common_switch8) for __ARM_common_switch8
    drvsys.o(.text) refers to system_nuc1xx.o(.text) for SystemCoreClockUpdate
    drvsys.o(.text) refers to drvgpio.o(i.__ARM_common_switch8) for __ARM_common_switch8
    drvsys.o(.text) refers to drvsys.o(.data) for .data
    drvsys.o(.text) refers to aeabi_sdiv.o(.text) for __aeabi_uidivmod
    drvsys.o(.text) refers to drvsys.o(.constdata) for .constdata
    drvsys.o(.text) refers to system_nuc1xx.o(.data) for CyclesPerUs
    abc123.o(.text) refers to lcd_driver.o(.text) for Show_Word
    abc123.o(.text) refers to hal_cm1.o(.emb_text) for os_set_env
    abc123.o(.text) refers to abc123.o(.data) for .data
    abc123.o(.text) refers to rt_time.o(i.rt_dly_wait) for rt_dly_wait
    abc123.o(.text) refers to rt_task.o(i.rt_tsk_create) for rt_tsk_create
    abc123.o(.text) refers to rt_task.o(i.rt_sys_init) for rt_sys_init
    rt_task.o(i.rt_block) refers to rt_list.o(i.rt_put_dly) for rt_put_dly
    rt_task.o(i.rt_block) refers to rt_list.o(i.rt_get_first) for rt_get_first
    rt_task.o(i.rt_block) refers to rt_task.o(i.rt_switch_req) for rt_switch_req
    rt_task.o(i.rt_block) refers to rt_task.o(.data) for .data
    rt_task.o(i.rt_block) refers to rt_list.o(.bss) for os_rdy
    rt_task.o(i.rt_dispatch) refers to rt_list.o(i.rt_put_rdy_first) for rt_put_rdy_first
    rt_task.o(i.rt_dispatch) refers to rt_task.o(i.rt_switch_req) for rt_switch_req
    rt_task.o(i.rt_dispatch) refers to rt_list.o(i.rt_get_first) for rt_get_first
    rt_task.o(i.rt_dispatch) refers to rt_list.o(i.rt_put_prio) for rt_put_prio
    rt_task.o(i.rt_dispatch) refers to rt_task.o(.data) for .data
    rt_task.o(i.rt_dispatch) refers to rt_list.o(.bss) for os_rdy
    rt_task.o(i.rt_init_context) refers to rt_membox.o(i.rt_alloc_box) for rt_alloc_box
    rt_task.o(i.rt_init_context) refers to hal_cm1.o(i.rt_init_stack) for rt_init_stack
    rt_task.o(i.rt_init_context) refers to rtx_conf_cm.o(.bss) for mp_stk
    rt_task.o(i.rt_switch_req) refers to rt_task.o(.data) for .data
    rt_task.o(i.rt_sys_init) refers to rt_membox.o(i._init_box) for _init_box
    rt_task.o(i.rt_sys_init) refers to rt_task.o(i.rt_init_context) for rt_init_context
    rt_task.o(i.rt_sys_init) refers to hal_cm1.o(.emb_text) for rt_set_PSP
    rt_task.o(i.rt_sys_init) refers to rt_robin.o(i.rt_init_robin) for rt_init_robin
    rt_task.o(i.rt_sys_init) refers to rt_task.o(i.rt_tsk_create) for rt_tsk_create
    rt_task.o(i.rt_sys_init) refers to rtx_conf_cm.o(.bss) for os_active_TCB
    rt_task.o(i.rt_sys_init) refers to rtx_conf_cm.o(.constdata) for os_maxtaskrun
    rt_task.o(i.rt_sys_init) refers to rtx_conf_cm.o(.constdata) for mp_tcb_size
    rt_task.o(i.rt_sys_init) refers to rtx_conf_cm.o(.bss) for mp_tcb
[...]
    rt_mutex.o(i.rt_mut_wait) refers to rt_list.o(i.rt_put_prio) for rt_put_prio
    rt_mutex.o(i.rt_mut_wait) refers to rt_task.o(i.rt_block) for rt_block
    rt_mutex.o(i.rt_mut_wait) refers to rt_task.o(.data) for os_tsk
    hal_cm1.o(.emb_text) refers to rtx_conf_cm.o(.constdata) for os_flags
    hal_cm1.o(.emb_text) refers to rt_membox.o(i.rt_alloc_box) for rt_alloc_box
    hal_cm1.o(.emb_text) refers to rt_membox.o(i.rt_free_box) for rt_free_box
    hal_cm1.o(.emb_text) refers to rt_system.o(i.rt_stk_check) for rt_stk_check
    hal_cm1.o(.emb_text) refers to rt_task.o(.data) for os_tsk
    hal_cm1.o(.emb_text) refers to SVC_Table.o(SVC_TABLE) for SVC_Count
    hal_cm1.o(.emb_text) refers to rt_system.o(i.rt_pop_req) for rt_pop_req
    hal_cm1.o(.emb_text) refers to rt_system.o(i.rt_systick) for rt_systick
    hal_cm1.o(i.rt_init_stack) refers to rtx_conf_cm.o(.constdata) for os_stackinfo
    rt_system.o(i.rt_pop_req) refers to rt_list.o(i.rt_put_rdy_first) for rt_put_rdy_first
    rt_system.o(i.rt_pop_req) refers to rt_semaphore.o(i.rt_sem_psh) for rt_sem_psh
    rt_system.o(i.rt_pop_req) refers to rt_list.o(i.rt_get_first) for rt_get_first
    rt_system.o(i.rt_pop_req) refers to rt_task.o(i.rt_switch_req) for rt_switch_req
    rt_system.o(i.rt_pop_req) refers to rt_event.o(i.rt_evt_psh) for rt_evt_psh
    rt_system.o(i.rt_pop_req) refers to rt_mailbox.o(i.rt_mbx_psh) for rt_mbx_psh
    rt_system.o(i.rt_pop_req) refers to rt_task.o(.data) for os_tsk
    rt_system.o(i.rt_pop_req) refers to rtx_conf_cm.o(.bss) for os_fifo
    rt_system.o(i.rt_pop_req) refers to rt_list.o(.bss) for os_rdy
    rt_system.o(i.rt_psh_req) refers to rt_system.o(.data) for .data
    rt_system.o(i.rt_stk_check) refers to rtx_conf_cm.o(.text) for os_error
    rt_system.o(i.rt_stk_check) refers to rt_task.o(.data) for os_tsk
    rt_system.o(i.rt_systick) refers to rt_list.o(i.rt_put_rdy_first) for rt_put_rdy_first
    rt_system.o(i.rt_systick) refers to rt_robin.o(i.rt_chk_robin) for rt_chk_robin
    rt_system.o(i.rt_systick) refers to rt_list.o(i.rt_dec_dly) for rt_dec_dly
    rt_system.o(i.rt_systick) refers to rt_timer.o(i.rt_tmr_tick) for rt_tmr_tick
    rt_system.o(i.rt_systick) refers to rt_list.o(i.rt_get_first) for rt_get_first
    rt_system.o(i.rt_systick) refers to rt_task.o(i.rt_switch_req) for rt_switch_req
    rt_system.o(i.rt_systick) refers to rt_task.o(.data) for os_tsk
    rt_system.o(i.rt_systick) refers to rt_time.o(.data) for os_time
    rt_system.o(i.rt_systick) refers to rt_list.o(.bss) for os_rdy
    rt_system.o(i.rt_tsk_lock) refers to rt_system.o(.data) for .data
    rt_system.o(i.rt_tsk_unlock) refers to rt_system.o(.data) for .data
    rt_list.o(i.rt_dec_dly) refers to rt_list.o(i.rt_put_prio) for rt_put_prio
    rt_list.o(i.rt_dec_dly) refers to rt_list.o(.bss) for .bss
    rt_list.o(i.rt_dec_dly) refers to rt_time.o(.data) for os_time
    rt_list.o(i.rt_get_same_rdy_prio) refers to rt_list.o(.bss) for .bss
    rt_list.o(i.rt_get_same_rdy_prio) refers to rt_task.o(.data) for os_tsk
    rt_list.o(i.rt_psq_enq) refers to rtx_conf_cm.o(.text) for os_error
    rt_list.o(i.rt_psq_enq) refers to rtx_conf_cm.o(.bss) for os_fifo
    rt_list.o(i.rt_put_dly) refers to rt_list.o(.bss) for .bss
    rt_list.o(i.rt_put_rdy_first) refers to rt_list.o(.bss) for .bss
    rt_list.o(i.rt_resort_prio) refers to rt_list.o(i.rt_rmv_list) for rt_rmv_list
    rt_list.o(i.rt_resort_prio) refers to rt_list.o(i.rt_put_prio) for rt_put_prio
    rt_list.o(i.rt_resort_prio) refers to rt_list.o(.bss) for .bss
    rt_list.o(i.rt_rmv_list) refers to rt_list.o(.bss) for .bss
    rt_robin.o(i.rt_chk_robin) refers to rt_list.o(i.rt_get_first) for rt_get_first
    rt_robin.o(i.rt_chk_robin) refers to rt_list.o(i.rt_put_prio) for rt_put_prio
    rt_robin.o(i.rt_chk_robin) refers to rt_robin.o(.data) for .data
    rt_robin.o(i.rt_chk_robin) refers to rt_list.o(.bss) for os_rdy
    rt_robin.o(i.rt_chk_robin) refers to rt_time.o(.data) for os_time
    rt_robin.o(i.rt_init_robin) refers to rt_robin.o(.data) for .data
    rt_robin.o(i.rt_init_robin) refers to rtx_conf_cm.o(.constdata) for os_rrobin
    rt_membox.o(i._calloc_box) refers to hal_cm1.o(.emb_text) for _alloc_box
    rt_event.o(i.isr_evt_set) refers to rt_list.o(i.rt_psq_enq) for rt_psq_enq
    rt_event.o(i.isr_evt_set) refers to rt_system.o(i.rt_psh_req) for rt_psh_req
    rt_event.o(i.isr_evt_set) refers to rtx_conf_cm.o(.bss) for os_active_TCB
    rt_event.o(i.rt_evt_clr) refers to rtx_conf_cm.o(.bss) for os_active_TCB
    rt_event.o(i.rt_evt_get) refers to rt_task.o(.data) for os_tsk
    rt_event.o(i.rt_evt_psh) refers to rt_list.o(i.rt_rmv_dly) for rt_rmv_dly
    rt_event.o(i.rt_evt_psh) refers to rt_list.o(i.rt_put_prio) for rt_put_prio
    rt_event.o(i.rt_evt_psh) refers to rt_list.o(.bss) for os_rdy
    rt_event.o(i.rt_evt_set) refers to rt_list.o(i.rt_rmv_dly) for rt_rmv_dly
    rt_event.o(i.rt_evt_set) refers to rt_task.o(i.rt_dispatch) for rt_dispatch
    rt_event.o(i.rt_evt_set) refers to rtx_conf_cm.o(.bss) for os_active_TCB
    rt_event.o(i.rt_evt_wait) refers to rt_task.o(i.rt_block) for rt_block
    rt_event.o(i.rt_evt_wait) refers to rt_task.o(.data) for os_tsk
    rt_mailbox.o(i.isr_mbx_receive) refers to rt_list.o(i.rt_psq_enq) for rt_psq_enq
    rt_mailbox.o(i.isr_mbx_receive) refers to rt_system.o(i.rt_psh_req) for rt_psh_req
    rt_mailbox.o(i.isr_mbx_send) refers to rt_list.o(i.rt_psq_enq) for rt_psq_enq
    rt_mailbox.o(i.isr_mbx_send) refers to rt_system.o(i.rt_psh_req) for rt_psh_req
    rt_mailbox.o(i.rt_mbx_psh) refers to rt_list.o(i.rt_get_first) for rt_get_first
    rt_mailbox.o(i.rt_mbx_psh) refers to rt_list.o(i.rt_rmv_dly) for rt_rmv_dly
    rt_mailbox.o(i.rt_mbx_psh) refers to rt_list.o(i.rt_put_prio) for rt_put_prio
    rt_mailbox.o(i.rt_mbx_psh) refers to rtx_conf_cm.o(.text) for os_error
    rt_mailbox.o(i.rt_mbx_psh) refers to rt_list.o(.bss) for os_rdy
    rt_mailbox.o(i.rt_mbx_send) refers to rt_list.o(i.rt_put_prio) for rt_put_prio
    rt_mailbox.o(i.rt_mbx_send) refers to rt_list.o(i.rt_get_first) for rt_get_first
    rt_mailbox.o(i.rt_mbx_send) refers to rt_list.o(i.rt_rmv_dly) for rt_rmv_dly
    rt_mailbox.o(i.rt_mbx_send) refers to rt_task.o(i.rt_dispatch) for rt_dispatch
    rt_mailbox.o(i.rt_mbx_send) refers to rt_task.o(i.rt_block) for rt_block
    rt_mailbox.o(i.rt_mbx_send) refers to rt_task.o(.data) for os_tsk
    rt_mailbox.o(i.rt_mbx_wait) refers to rt_list.o(i.rt_get_first) for rt_get_first
    rt_mailbox.o(i.rt_mbx_wait) refers to rt_list.o(i.rt_rmv_dly) for rt_rmv_dly
    rt_mailbox.o(i.rt_mbx_wait) refers to rt_task.o(i.rt_dispatch) for rt_dispatch
    rt_mailbox.o(i.rt_mbx_wait) refers to rt_list.o(i.rt_put_prio) for rt_put_prio
    rt_mailbox.o(i.rt_mbx_wait) refers to rt_task.o(i.rt_block) for rt_block
    rt_mailbox.o(i.rt_mbx_wait) refers to rt_task.o(.data) for os_tsk
    rt_semaphore.o(i.isr_sem_send) refers to rt_list.o(i.rt_psq_enq) for rt_psq_enq
    rt_semaphore.o(i.isr_sem_send) refers to rt_system.o(i.rt_psh_req) for rt_psh_req
    rt_semaphore.o(i.rt_sem_psh) refers to rt_list.o(i.rt_get_first) for rt_get_first
    rt_semaphore.o(i.rt_sem_psh) refers to rt_list.o(i.rt_rmv_dly) for rt_rmv_dly
    rt_semaphore.o(i.rt_sem_psh) refers to rt_list.o(i.rt_put_prio) for rt_put_prio
    rt_semaphore.o(i.rt_sem_psh) refers to rt_list.o(.bss) for os_rdy
    rt_semaphore.o(i.rt_sem_send) refers to rt_list.o(i.rt_get_first) for rt_get_first
    rt_semaphore.o(i.rt_sem_send) refers to rt_list.o(i.rt_rmv_dly) for rt_rmv_dly
    rt_semaphore.o(i.rt_sem_send) refers to rt_task.o(i.rt_dispatch) for rt_dispatch
    rt_semaphore.o(i.rt_sem_send) refers to rt_task.o(.data) for os_tsk
    rt_semaphore.o(i.rt_sem_wait) refers to rt_list.o(i.rt_put_prio) for rt_put_prio
    rt_semaphore.o(i.rt_sem_wait) refers to rt_task.o(i.rt_block) for rt_block
    rt_semaphore.o(i.rt_sem_wait) refers to rt_task.o(.data) for os_tsk
    rt_timer.o(i.rt_tmr_create) refers to rt_membox.o(i.rt_alloc_box) for rt_alloc_box
    rt_timer.o(i.rt_tmr_create) refers to rtx_conf_cm.o(.data) for m_tmr
    rt_timer.o(i.rt_tmr_create) refers to rt_timer.o(.data) for .data
    rt_timer.o(i.rt_tmr_kill) refers to rt_membox.o(i.rt_free_box) for rt_free_box
    rt_timer.o(i.rt_tmr_kill) refers to rt_timer.o(.data) for .data
    rt_timer.o(i.rt_tmr_kill) refers to rtx_conf_cm.o(.data) for m_tmr
    rt_timer.o(i.rt_tmr_tick) refers to rtx_conf_cm.o(.text) for os_tmr_call
    rt_timer.o(i.rt_tmr_tick) refers to rt_membox.o(i.rt_free_box) for rt_free_box
    rt_timer.o(i.rt_tmr_tick) refers to rt_timer.o(.data) for .data
    rt_timer.o(i.rt_tmr_tick) refers to rtx_conf_cm.o(.data) for m_tmr
    libspace.o(.text) refers to libspace.o(.bss) for __libspace_start
    __main.o(!!!main) refers to rtentry.o(.ARM.Collect$$rtentry$$00000000) for __rt_entry
    rtentry.o(.ARM.Collect$$rtentry$$00000000) refers (Special) to rtentry2.o(.ARM.Collect$$rtentry$$0000000A) for __rt_entry_li
    rtentry.o(.ARM.Collect$$rtentry$$00000000) refers (Special) to rtentry2.o(.ARM.Collect$$rtentry$$0000000D) for __rt_entry_main
    rtentry.o(.ARM.Collect$$rtentry$$00000000) refers (Special) to rtentry2.o(.ARM.Collect$$rtentry$$0000000C) for __rt_entry_postli_1
    rtentry.o(.ARM.Collect$$rtentry$$00000000) refers (Special) to rtentry2.o(.ARM.Collect$$rtentry$$00000009) for __rt_entry_postsh_1
    rtentry.o(.ARM.Collect$$rtentry$$00000000) refers (Special) to rtentry2.o(.ARM.Collect$$rtentry$$00000002) for __rt_entry_presh_1
    rtentry.o(.ARM.Collect$$rtentry$$00000000) refers (Special) to rtentry4.o(.ARM.Collect$$rtentry$$00000004) for __rt_entry_sh
    aeabi_idiv0_sigfpe.o(.text) refers to rt_div0.o(.text) for __rt_div0
    rtentry2.o(.ARM.Collect$$rtentry$$00000008) refers to boardinit2.o(.text) for _platform_post_stackheap_init
    rtentry2.o(.ARM.Collect$$rtentry$$0000000A) refers to libinit.o(.ARM.Collect$$libinit$$00000000) for __rt_lib_init
    rtentry2.o(.ARM.Collect$$rtentry$$0000000B) refers to boardinit3.o(.text) for _platform_post_lib_init
    rtentry2.o(.ARM.Collect$$rtentry$$0000000D) refers to abc123.o(.text) for main
    rtentry2.o(.ARM.Collect$$rtentry$$0000000D) refers to exit.o(.text) for exit
    rtentry2.o(.ARM.exidx) refers to rtentry2.o(.ARM.Collect$$rtentry$$00000001) for .ARM.Collect$$rtentry$$00000001
    rtentry2.o(.ARM.exidx) refers to rtentry2.o(.ARM.Collect$$rtentry$$00000008) for .ARM.Collect$$rtentry$$00000008
    rtentry2.o(.ARM.exidx) refers to rtentry2.o(.ARM.Collect$$rtentry$$0000000A) for .ARM.Collect$$rtentry$$0000000A
    rtentry2.o(.ARM.exidx) refers to rtentry2.o(.ARM.Collect$$rtentry$$0000000B) for .ARM.Collect$$rtentry$$0000000B
    rtentry2.o(.ARM.exidx) refers to rtentry2.o(.ARM.Collect$$rtentry$$0000000D) for .ARM.Collect$$rtentry$$0000000D
    rtentry4.o(.ARM.Collect$$rtentry$$00000004) refers to sys_stackheap_outer.o(.text) for __user_setup_stackheap
    rtentry4.o(.ARM.exidx) refers to rtentry4.o(.ARM.Collect$$rtentry$$00000004) for .ARM.Collect$$rtentry$$00000004
    rt_div0.o(.text) refers to defsig_fpe_outer.o(.text) for __rt_SIGFPE
    sys_stackheap_outer.o(.text) refers to libspace.o(.text) for __user_perproc_libspace
    sys_stackheap_outer.o(.text) refers to startup_nuc1xx.o(.text) for __user_initial_stackheap
    sys_stackheap_outer.o(__vectab_stack_and_reset_area) refers to tempstk.o(.text) for __temporary_stack_top
    sys_stackheap_outer.o(__vectab_stack_and_reset_area) refers to __main.o(!!!main) for __main
    exit.o(.text) refers to rtexit.o(.ARM.Collect$$rtexit$$00000000) for __rt_exit
    defsig_fpe_outer.o(.text) refers to defsig_fpe_inner.o(.text) for __rt_SIGFPE_inner
    defsig_fpe_outer.o(.text) refers to defsig_exit.o(.text) for __sig_exit
    defsig_fpe_formal.o(.text) refers to rt_raise.o(.text) for __rt_raise
    libinit.o(.ARM.Collect$$libinit$$00000000) refers (Special) to libinit2.o(.ARM.Collect$$libinit$$0000002A) for __rt_lib_init_alloca_1
    libinit.o(.ARM.Collect$$libinit$$00000000) refers (Special) to libinit2.o(.ARM.Collect$$libinit$$00000028) for __rt_lib_init_argv_1
    libinit.o(.ARM.Collect$$libinit$$00000000) refers (Special) to libinit2.o(.ARM.Collect$$libinit$$00000017) for __rt_lib_init_atexit_1
    libinit.o(.ARM.Collect$$libinit$$00000000) refers (Special) to libinit2.o(.ARM.Collect$$libinit$$0000001D) for __rt_lib_init_clock_1
    libinit.o(.ARM.Collect$$libinit$$00000000) refers (Special) to libinit2.o(.ARM.Collect$$libinit$$0000002E) for __rt_lib_init_cpp_1
    libinit.o(.ARM.Collect$$libinit$$00000000) refers (Special) to libinit2.o(.ARM.Collect$$libinit$$0000002C) for __rt_lib_init_exceptions_1
    libinit.o(.ARM.Collect$$libinit$$00000000) refers (Special) to libinit2.o(.ARM.Collect$$libinit$$0000001B) for __rt_lib_init_fp_trap_1
    libinit.o(.ARM.Collect$$libinit$$00000000) refers (Special) to libinit2.o(.ARM.Collect$$libinit$$0000001F) for __rt_lib_init_getenv_1
    libinit.o(.ARM.Collect$$libinit$$00000000) refers (Special) to libinit2.o(.ARM.Collect$$libinit$$00000006) for __rt_lib_init_heap_1
    libinit.o(.ARM.Collect$$libinit$$00000000) refers (Special) to libinit2.o(.ARM.Collect$$libinit$$0000000D) for __rt_lib_init_lc_collate_1
    libinit.o(.ARM.Collect$$libinit$$00000000) refers (Special) to libinit2.o(.ARM.Collect$$libinit$$0000000F) for __rt_lib_init_lc_ctype_1
    libinit.o(.ARM.Collect$$libinit$$00000000) refers (Special) to libinit2.o(.ARM.Collect$$libinit$$00000011) for __rt_lib_init_lc_monetary_1
    libinit.o(.ARM.Collect$$libinit$$00000000) refers (Special) to libinit2.o(.ARM.Collect$$libinit$$00000013) for __rt_lib_init_lc_numeric_1
    libinit.o(.ARM.Collect$$libinit$$00000000) refers (Special) to libinit2.o(.ARM.Collect$$libinit$$00000015) for __rt_lib_init_lc_time_1
    libinit.o(.ARM.Collect$$libinit$$00000000) refers (Special) to libinit2.o(.ARM.Collect$$libinit$$0000000A) for __rt_lib_init_rand_1
    libinit.o(.ARM.Collect$$libinit$$00000000) refers (Special) to libinit2.o(.ARM.Collect$$libinit$$0000002F) for __rt_lib_init_return
    libinit.o(.ARM.Collect$$libinit$$00000000) refers (Special) to libinit2.o(.ARM.Collect$$libinit$$00000019) for __rt_lib_init_signal_1
    libinit.o(.ARM.Collect$$libinit$$00000000) refers (Special) to libinit2.o(.ARM.Collect$$libinit$$00000021) for __rt_lib_init_stdio_1
    libinit.o(.ARM.Collect$$libinit$$00000000) refers (Special) to libinit2.o(.ARM.Collect$$libinit$$00000008) for __rt_lib_init_user_alloc_1
    rtexit.o(.ARM.Collect$$rtexit$$00000000) refers (Special) to rtexit2.o(.ARM.Collect$$rtexit$$00000004) for __rt_exit_exit
    rtexit.o(.ARM.Collect$$rtexit$$00000000) refers (Special) to rtexit2.o(.ARM.Collect$$rtexit$$00000003) for __rt_exit_ls
    rtexit.o(.ARM.Collect$$rtexit$$00000000) refers (Special) to rtexit2.o(.ARM.Collect$$rtexit$$00000002) for __rt_exit_prels_1
    rtexit.o(.ARM.exidx) refers (Special) to rtexit2.o(.ARM.Collect$$rtexit$$00000004) for __rt_exit_exit
    rtexit.o(.ARM.exidx) refers (Special) to rtexit2.o(.ARM.Collect$$rtexit$$00000003) for __rt_exit_ls
    rtexit.o(.ARM.exidx) refers (Special) to rtexit2.o(.ARM.Collect$$rtexit$$00000002) for __rt_exit_prels_1
    rtexit.o(.ARM.exidx) refers to rtexit.o(.ARM.Collect$$rtexit$$00000000) for .ARM.Collect$$rtexit$$00000000
    rt_raise.o(.text) refers to __raise.o(.text) for __raise
    rt_raise.o(.text) refers to sys_exit.o(.text) for _sys_exit
    defsig_exit.o(.text) refers to sys_exit.o(.text) for _sys_exit
    defsig_fpe_inner.o(.text) refers to defsig_general.o(.text) for __default_signal_display
    libinit2.o(.ARM.Collect$$libinit$$0000000C) refers to libinit2.o(.ARM.Collect$$libinit$$0000000B) for .ARM.Collect$$libinit$$0000000B
    libinit2.o(.ARM.Collect$$libinit$$0000000E) refers to libinit2.o(.ARM.Collect$$libinit$$0000000B) for .ARM.Collect$$libinit$$0000000B
    libinit2.o(.ARM.Collect$$libinit$$00000010) refers to libinit2.o(.ARM.Collect$$libinit$$0000000B) for .ARM.Collect$$libinit$$0000000B
    libinit2.o(.ARM.Collect$$libinit$$00000012) refers to libinit2.o(.ARM.Collect$$libinit$$0000000B) for .ARM.Collect$$libinit$$0000000B
    libinit2.o(.ARM.Collect$$libinit$$00000014) refers to libinit2.o(.ARM.Collect$$libinit$$0000000B) for .ARM.Collect$$libinit$$0000000B
    libinit2.o(.ARM.Collect$$libinit$$00000022) refers to argv_veneer.o(.text) for __ARM_argv_veneer
    libinit2.o(.ARM.Collect$$libinit$$00000023) refers to argv_veneer.o(.text) for __ARM_argv_veneer
    sys_exit.o(.text) refers (Special) to use_no_semi.o(.text) for __I$use$semihosting
    sys_exit.o(.text) refers (Special) to indicate_semi.o(.text) for __semihosting_library_function
    rtexit2.o(.ARM.Collect$$rtexit$$00000003) refers to libshutdown.o(.ARM.Collect$$libshutdown$$00000000) for __rt_lib_shutdown
    rtexit2.o(.ARM.Collect$$rtexit$$00000004) refers to sys_exit.o(.text) for _sys_exit
    rtexit2.o(.ARM.exidx) refers to rtexit2.o(.ARM.Collect$$rtexit$$00000001) for .ARM.Collect$$rtexit$$00000001
    rtexit2.o(.ARM.exidx) refers to rtexit2.o(.ARM.Collect$$rtexit$$00000003) for .ARM.Collect$$rtexit$$00000003
    rtexit2.o(.ARM.exidx) refers to rtexit2.o(.ARM.Collect$$rtexit$$00000004) for .ARM.Collect$$rtexit$$00000004
    __raise.o(.text) refers to defsig.o(CL$$defsig) for __default_signal_handler
    defsig_general.o(.text) refers to sys_wrch.o(.text) for _ttywrch
    sys_wrch.o(.text) refers (Special) to use_no_semi.o(.text) for __I$use$semihosting
    sys_wrch.o(.text) refers (Special) to indicate_semi.o(.text) for __semihosting_library_function
    defsig.o(CL$$defsig) refers to defsig_fpe_inner.o(.text) for __rt_SIGFPE_inner
    defsig.o(CL$$defsig) refers to defsig_rtmem_inner.o(.text) for __rt_SIGRTMEM_inner
    _get_argv_nomalloc.o(.text) refers (Special) to hrguard.o(.text) for __heap_region$guard
    _get_argv_nomalloc.o(.text) refers to defsig_rtmem_outer.o(.text) for __rt_SIGRTMEM
    _get_argv_nomalloc.o(.text) refers to sys_command.o(.text) for _sys_command_string
    libshutdown.o(.ARM.Collect$$libshutdown$$00000000) refers (Special) to libshutdown2.o(.ARM.Collect$$libshutdown$$00000006) for __rt_lib_shutdown_fp_trap_1
    libshutdown.o(.ARM.Collect$$libshutdown$$00000000) refers (Special) to libshutdown2.o(.ARM.Collect$$libshutdown$$0000000E) for __rt_lib_shutdown_heap_1
    libshutdown.o(.ARM.Collect$$libshutdown$$00000000) refers (Special) to libshutdown2.o(.ARM.Collect$$libshutdown$$0000000F) for __rt_lib_shutdown_return
    libshutdown.o(.ARM.Collect$$libshutdown$$00000000) refers (Special) to libshutdown2.o(.ARM.Collect$$libshutdown$$00000009) for __rt_lib_shutdown_signal_1
    libshutdown.o(.ARM.Collect$$libshutdown$$00000000) refers (Special) to libshutdown2.o(.ARM.Collect$$libshutdown$$00000003) for __rt_lib_shutdown_stdio_1
    libshutdown.o(.ARM.Collect$$libshutdown$$00000000) refers (Special) to libshutdown2.o(.ARM.Collect$$libshutdown$$0000000B) for __rt_lib_shutdown_user_alloc_1
    sys_command.o(.text) refers (Special) to use_no_semi.o(.text) for __I$use$semihosting
    sys_command.o(.text) refers (Special) to indicate_semi.o(.text) for __semihosting_library_function
    defsig_abrt_inner.o(.text) refers to defsig_general.o(.text) for __default_signal_display
    defsig_rtred_inner.o(.text) refers to defsig_general.o(.text) for __default_signal_display
    defsig_rtmem_inner.o(.text) refers to defsig_general.o(.text) for __default_signal_display
    defsig_rtmem_outer.o(.text) refers to defsig_rtmem_inner.o(.text) for __rt_SIGRTMEM_inner
    defsig_rtmem_outer.o(.text) refers to defsig_exit.o(.text) for __sig_exit
    defsig_rtmem_formal.o(.text) refers to rt_raise.o(.text) for __rt_raise
    defsig_stak_inner.o(.text) refers to defsig_general.o(.text) for __default_signal_display
    defsig_pvfn_inner.o(.text) refers to defsig_general.o(.text) for __default_signal_display
    defsig_cppl_inner.o(.text) refers to defsig_general.o(.text) for __default_signal_display
    defsig_segv_inner.o(.text) refers to defsig_general.o(.text) for __default_signal_display
    defsig_other.o(.text) refers to defsig_general.o(.text) for __default_signal_display


==============================================================================

Removing Unused input sections from the image.

    Removing core_cm0.o(.emb_text), (32 bytes).
    Removing rt_task.o(i.rt_tsk_delete), (140 bytes).
    Removing rt_task.o(i.rt_tsk_pass), (44 bytes).
    Removing rt_task.o(i.rt_tsk_prio), (132 bytes).
    Removing rt_time.o(i.rt_itv_set), (24 bytes).
    Removing rt_time.o(i.rt_itv_wait), (44 bytes).
    Removing rt_system.o(.emb_text), (0 bytes).
    Removing rt_system.o(i.rt_psh_req), (32 bytes).
    Removing rt_system.o(i.rt_tsk_lock), (40 bytes).
    Removing rt_system.o(i.rt_tsk_unlock), (44 bytes).
    Removing rt_system.o(.data), (3 bytes).
    Removing rt_list.o(i.rt_get_same_rdy_prio), (36 bytes).
    Removing rt_list.o(i.rt_psq_enq), (64 bytes).
    Removing rt_membox.o(i._calloc_box), (30 bytes).
    Removing rt_event.o(i.isr_evt_set), (36 bytes).
    Removing rt_event.o(i.rt_evt_clr), (28 bytes).
    Removing rt_event.o(i.rt_evt_get), (12 bytes).
    Removing rt_event.o(i.rt_evt_set), (92 bytes).
    Removing rt_event.o(i.rt_evt_wait), (64 bytes).
    Removing rt_mailbox.o(i.isr_mbx_receive), (74 bytes).
    Removing rt_mailbox.o(i.isr_mbx_send), (12 bytes).
    Removing rt_mailbox.o(i.rt_mbx_check), (8 bytes).
    Removing rt_mailbox.o(i.rt_mbx_init), (32 bytes).
    Removing rt_mailbox.o(i.rt_mbx_send), (156 bytes).
    Removing rt_mailbox.o(i.rt_mbx_wait), (176 bytes).
    Removing rt_semaphore.o(i.isr_sem_send), (14 bytes).
    Removing rt_semaphore.o(i.rt_sem_init), (12 bytes).
    Removing rt_semaphore.o(i.rt_sem_send), (60 bytes).
    Removing rt_semaphore.o(i.rt_sem_wait), (68 bytes).
    Removing rt_timer.o(i.rt_tmr_create), (80 bytes).
    Removing rt_timer.o(i.rt_tmr_kill), (52 bytes).

31 unused section(s) (total 1641 bytes) removed from the image.

==============================================================================

Image Symbol Table

    Local Symbols

    Symbol Name                              Value     Ov Type        Size  Object(Section)

    RESET                                    0x00000000   Section      192  startup_nuc1xx.o(RESET)
    ../../../cmprslib/zerorunl2.c            0x00000000   Number         0  __dczerorl2.o ABSOLUTE
    ../../angel/boardlib.s                   0x00000000   Number         0  boardshut.o ABSOLUTE
    ../../angel/boardlib.s                   0x00000000   Number         0  boardinit3.o ABSOLUTE
    ../../angel/boardlib.s                   0x00000000   Number         0  boardinit2.o ABSOLUTE
    ../../angel/boardlib.s                   0x00000000   Number         0  boardinit1.o ABSOLUTE
    ../../angel/handlers.s                   0x00000000   Number         0  __scatter_zi.o ABSOLUTE
    ../../angel/kernel.s                     0x00000000   Number         0  rtentry4.o ABSOLUTE
    ../../angel/kernel.s                     0x00000000   Number         0  rtexit.o ABSOLUTE
    ../../angel/kernel.s                     0x00000000   Number         0  rtexit2.o ABSOLUTE
    ../../angel/kernel.s                     0x00000000   Number         0  rtentry2.o ABSOLUTE
    ../../angel/kernel.s                     0x00000000   Number         0  rtentry.o ABSOLUTE
    ../../angel/rt.s                         0x00000000   Number         0  rt_div0.o ABSOLUTE
    ../../angel/rt.s                         0x00000000   Number         0  rt_raise.o ABSOLUTE
    ../../angel/rt.s                         0x00000000   Number         0  aeabi_idiv0_sigfpe.o ABSOLUTE
    ../../angel/rt.s                         0x00000000   Number         0  aeabi_idiv0.o ABSOLUTE
    ../../angel/scatterp.s                   0x00000000   Number         0  __scatter.o ABSOLUTE
    ../../angel/startup.s                    0x00000000   Number         0  __main.o ABSOLUTE
    ../../angel/sys.s                        0x00000000   Number         0  sys_stackheap_outer.o ABSOLUTE
    ../../angel/sys.s                        0x00000000   Number         0  tempstk.o ABSOLUTE
    ../../angel/sys.s                        0x00000000   Number         0  indicate_semi.o ABSOLUTE
    ../../angel/sys.s                        0x00000000   Number         0  use_no_semi.o ABSOLUTE
    ../../angel/sys.s                        0x00000000   Number         0  libspace.o ABSOLUTE
    ../../angel/sysapp.c                     0x00000000   Number         0  sys_command.o ABSOLUTE
    ../../angel/sysapp.c                     0x00000000   Number         0  sys_exit.o ABSOLUTE
    ../../angel/sysapp.c                     0x00000000   Number         0  sys_wrch.o ABSOLUTE
    ../../armsys.c                           0x00000000   Number         0  _get_argv_nomalloc.o ABSOLUTE
    ../../armsys.c                           0x00000000   Number         0  argv_veneer.o ABSOLUTE
    ../../armsys.c                           0x00000000   Number         0  no_argv.o ABSOLUTE
    ../../cfplib/fpinit.c                    0x00000000   Number         0  fpinit.o ABSOLUTE
    ../../division.s                         0x00000000   Number         0  aeabi_sdiv.o ABSOLUTE
    ../../division.s                         0x00000000   Number         0  aeabi_sdiv_div0.o ABSOLUTE
    ../../heapalloc.c                        0x00000000   Number         0  hrguard.o ABSOLUTE
    ../../heapaux.c                          0x00000000   Number         0  heapauxi.o ABSOLUTE
    ../../libinit.s                          0x00000000   Number         0  libinit2.o ABSOLUTE
    ../../libinit.s                          0x00000000   Number         0  libshutdown2.o ABSOLUTE
    ../../libinit.s                          0x00000000   Number         0  libinit.o ABSOLUTE
    ../../libinit.s                          0x00000000   Number         0  libshutdown.o ABSOLUTE
    ../../signal.c                           0x00000000   Number         0  defsig_fpe_formal.o ABSOLUTE
    ../../signal.c                           0x00000000   Number         0  defsig_general.o ABSOLUTE
    ../../signal.c                           0x00000000   Number         0  __raise.o ABSOLUTE
    ../../signal.c                           0x00000000   Number         0  defsig_exit.o ABSOLUTE
    ../../signal.c                           0x00000000   Number         0  defsig_fpe_inner.o ABSOLUTE
    ../../signal.c                           0x00000000   Number         0  defsig_pvfn_inner.o ABSOLUTE
    ../../signal.c                           0x00000000   Number         0  defsig_fpe_outer.o ABSOLUTE
    ../../signal.c                           0x00000000   Number         0  defsig_other.o ABSOLUTE
    ../../signal.c                           0x00000000   Number         0  defsig_segv_inner.o ABSOLUTE
    ../../signal.c                           0x00000000   Number         0  defsig_cppl_inner.o ABSOLUTE
    ../../signal.c                           0x00000000   Number         0  defsig_stak_inner.o ABSOLUTE
    ../../signal.c                           0x00000000   Number         0  defsig_rtmem_formal.o ABSOLUTE
    ../../signal.c                           0x00000000   Number         0  defsig_rtmem_outer.o ABSOLUTE
    ../../signal.c                           0x00000000   Number         0  defsig_rtmem_inner.o ABSOLUTE
    ../../signal.c                           0x00000000   Number         0  defsig_rtred_inner.o ABSOLUTE
    ../../signal.c                           0x00000000   Number         0  defsig_abrt_inner.o ABSOLUTE
    ../../signal.s                           0x00000000   Number         0  defsig.o ABSOLUTE
    ../../stdlib.c                           0x00000000   Number         0  exit.o ABSOLUTE
    ..\..\CMSIS\CM0\CoreSupport\core_cm0.c   0x00000000   Number         0  core_cm0.o ABSOLUTE
    ..\..\CMSIS\CM0\DeviceSupport\Nuvoton\NUC1xx\system_NUC1xx.c 0x00000000   Number         0  system_nuc1xx.o ABSOLUTE
    ..\..\NuvotonPlatform_Keil\Src\Driver\DrvGPIO.c 0x00000000   Number         0  drvgpio.o ABSOLUTE
    ..\..\NuvotonPlatform_Keil\Src\Driver\DrvSYS.c 0x00000000   Number         0  drvsys.o ABSOLUTE
    ..\..\NuvotonPlatform_Keil\Src\NUC1xx-LB_002\Ascii_Table.C 0x00000000   Number         0  ascii_table.o ABSOLUTE
    ..\..\NuvotonPlatform_Keil\Src\NUC1xx-LB_002\LCD_Driver.c 0x00000000   Number         0  lcd_driver.o ABSOLUTE
    ..\\..\\CMSIS\\CM0\\CoreSupport\\core_cm0.c 0x00000000   Number         0  core_cm0.o ABSOLUTE
    C:\Keil\ARM\Startup\RTX_Conf_CM.c        0x00000000   Number         0  rtx_conf_cm.o ABSOLUTE
    SRC\CM\HAL_CM1.c                         0x00000000   Number         0  hal_cm1.o ABSOLUTE
    SRC\CM\SVC_Table.s                       0x00000000   Number         0  SVC_Table.o ABSOLUTE
    SRC\CM\rt_Event.c                        0x00000000   Number         0  rt_event.o ABSOLUTE
    SRC\CM\rt_List.c                         0x00000000   Number         0  rt_list.o ABSOLUTE
    SRC\CM\rt_Mailbox.c                      0x00000000   Number         0  rt_mailbox.o ABSOLUTE
    SRC\CM\rt_MemBox.c                       0x00000000   Number         0  rt_membox.o ABSOLUTE
    SRC\CM\rt_Mutex.c                        0x00000000   Number         0  rt_mutex.o ABSOLUTE
    SRC\CM\rt_Robin.c                        0x00000000   Number         0  rt_robin.o ABSOLUTE
    SRC\CM\rt_Semaphore.c                    0x00000000   Number         0  rt_semaphore.o ABSOLUTE
    SRC\CM\rt_System.c                       0x00000000   Number         0  rt_system.o ABSOLUTE
    SRC\CM\rt_Task.c                         0x00000000   Number         0  rt_task.o ABSOLUTE
    SRC\CM\rt_Time.c                         0x00000000   Number         0  rt_time.o ABSOLUTE
    SRC\CM\rt_Timer.c                        0x00000000   Number         0  rt_timer.o ABSOLUTE
    SRC\\CM\\HAL_CM1.c                       0x00000000   Number         0  hal_cm1.o ABSOLUTE
    SRC\\CM\\rt_System.c                     0x00000000   Number         0  rt_system.o ABSOLUTE
    abc123.c                                 0x00000000   Number         0  abc123.o ABSOLUTE
    dc.s                                     0x00000000   Number         0  dc.o ABSOLUTE
    startup_NUC1xx.s                         0x00000000   Number         0  startup_nuc1xx.o ABSOLUTE
    !!!main                                  0x000000c0   Section        8  __main.o(!!!main)
    !!!scatter                               0x000000c8   Section       60  __scatter.o(!!!scatter)
    !!handler_zi                             0x00000104   Section       28  __scatter_zi.o(!!handler_zi)
    .ARM.Collect$$libinit$$00000000          0x00000120   Section        6  libinit.o(.ARM.Collect$$libinit$$00000000)
    .ARM.Collect$$libinit$$00000006          0x00000126   Section        0  libinit2.o(.ARM.Collect$$libinit$$00000006)
    .ARM.Collect$$libinit$$00000008          0x00000126   Section        0  libinit2.o(.ARM.Collect$$libinit$$00000008)
    .ARM.Collect$$libinit$$0000000A          0x00000126   Section        0  libinit2.o(.ARM.Collect$$libinit$$0000000A)
    .ARM.Collect$$libinit$$0000000D          0x00000126   Section        0  libinit2.o(.ARM.Collect$$libinit$$0000000D)
    .ARM.Collect$$libinit$$0000000F          0x00000126   Section        0  libinit2.o(.ARM.Collect$$libinit$$0000000F)
    .ARM.Collect$$libinit$$00000011          0x00000126   Section        0  libinit2.o(.ARM.Collect$$libinit$$00000011)
    .ARM.Collect$$libinit$$00000013          0x00000126   Section        0  libinit2.o(.ARM.Collect$$libinit$$00000013)
    .ARM.Collect$$libinit$$00000015          0x00000126   Section        0  libinit2.o(.ARM.Collect$$libinit$$00000015)
    .ARM.Collect$$libinit$$00000017          0x00000126   Section        0  libinit2.o(.ARM.Collect$$libinit$$00000017)
    .ARM.Collect$$libinit$$00000019          0x00000126   Section        0  libinit2.o(.ARM.Collect$$libinit$$00000019)
    .ARM.Collect$$libinit$$0000001B          0x00000126   Section        0  libinit2.o(.ARM.Collect$$libinit$$0000001B)
    .ARM.Collect$$libinit$$0000001D          0x00000126   Section        0  libinit2.o(.ARM.Collect$$libinit$$0000001D)
    .ARM.Collect$$libinit$$0000001F          0x00000126   Section        0  libinit2.o(.ARM.Collect$$libinit$$0000001F)
    .ARM.Collect$$libinit$$00000021          0x00000126   Section        0  libinit2.o(.ARM.Collect$$libinit$$00000021)
    .ARM.Collect$$libinit$$00000028          0x00000126   Section        0  libinit2.o(.ARM.Collect$$libinit$$00000028)
    .ARM.Collect$$libinit$$0000002A          0x00000126   Section        0  libinit2.o(.ARM.Collect$$libinit$$0000002A)
    .ARM.Collect$$libinit$$0000002C          0x00000126   Section        0  libinit2.o(.ARM.Collect$$libinit$$0000002C)
    .ARM.Collect$$libinit$$0000002E          0x00000126   Section        0  libinit2.o(.ARM.Collect$$libinit$$0000002E)
    .ARM.Collect$$libinit$$0000002F          0x00000126   Section        2  libinit2.o(.ARM.Collect$$libinit$$0000002F)
    .ARM.Collect$$libshutdown$$00000000      0x00000128   Section        2  libshutdown.o(.ARM.Collect$$libshutdown$$00000000)
    .ARM.Collect$$libshutdown$$00000003      0x0000012a   Section        0  libshutdown2.o(.ARM.Collect$$libshutdown$$00000003)
    .ARM.Collect$$libshutdown$$00000006      0x0000012a   Section        0  libshutdown2.o(.ARM.Collect$$libshutdown$$00000006)
    .ARM.Collect$$libshutdown$$00000009      0x0000012a   Section        0  libshutdown2.o(.ARM.Collect$$libshutdown$$00000009)
    .ARM.Collect$$libshutdown$$0000000B      0x0000012a   Section        0  libshutdown2.o(.ARM.Collect$$libshutdown$$0000000B)
    .ARM.Collect$$libshutdown$$0000000E      0x0000012a   Section        0  libshutdown2.o(.ARM.Collect$$libshutdown$$0000000E)
    .ARM.Collect$$libshutdown$$0000000F      0x0000012a   Section        2  libshutdown2.o(.ARM.Collect$$libshutdown$$0000000F)
    .ARM.Collect$$rtentry$$00000000          0x0000012c   Section        0  rtentry.o(.ARM.Collect$$rtentry$$00000000)
    .ARM.Collect$$rtentry$$00000002          0x0000012c   Section        0  rtentry2.o(.ARM.Collect$$rtentry$$00000002)
    .ARM.Collect$$rtentry$$00000004          0x0000012c   Section        6  rtentry4.o(.ARM.Collect$$rtentry$$00000004)
    .ARM.Collect$$rtentry$$00000009          0x00000132   Section        0  rtentry2.o(.ARM.Collect$$rtentry$$00000009)
    .ARM.Collect$$rtentry$$0000000A          0x00000132   Section        4  rtentry2.o(.ARM.Collect$$rtentry$$0000000A)
    .ARM.Collect$$rtentry$$0000000C          0x00000136   Section        0  rtentry2.o(.ARM.Collect$$rtentry$$0000000C)
    .ARM.Collect$$rtentry$$0000000D          0x00000136   Section        8  rtentry2.o(.ARM.Collect$$rtentry$$0000000D)
    .ARM.Collect$$rtexit$$00000000           0x0000013e   Section        2  rtexit.o(.ARM.Collect$$rtexit$$00000000)
    .ARM.Collect$$rtexit$$00000002           0x00000140   Section        0  rtexit2.o(.ARM.Collect$$rtexit$$00000002)
    .ARM.Collect$$rtexit$$00000003           0x00000140   Section        4  rtexit2.o(.ARM.Collect$$rtexit$$00000003)
    .ARM.Collect$$rtexit$$00000004           0x00000144   Section        6  rtexit2.o(.ARM.Collect$$rtexit$$00000004)
    .emb_text                                0x0000014c   Section      368  hal_cm1.o(.emb_text)
    .text                                    0x000002bc   Section      100  startup_nuc1xx.o(.text)
    Default_Handler                          0x000002e7   Thumb Code     2  startup_nuc1xx.o(.text)
    .text                                    0x00000320   Section        0  system_nuc1xx.o(.text)
    .text                                    0x000003a4   Section        0  lcd_driver.o(.text)
    .text                                    0x00000648   Section        0  rtx_conf_cm.o(.text)
    __tagsym$$used                           0x0000068d   Number         0  rtx_conf_cm.o(.text)
    __tagsym$$used                           0x000006a5   Number         0  rtx_conf_cm.o(.text)
    .text                                    0x000006d8   Section        0  drvgpio.o(.text)
    NVIC_SetPriority                         0x000006d9   Thumb Code    60  drvgpio.o(.text)
    NVIC_EnableIRQ                           0x00000f71   Thumb Code    14  drvgpio.o(.text)
    NVIC_DisableIRQ                          0x00000f7f   Thumb Code    16  drvgpio.o(.text)
    .text                                    0x00000fa4   Section        0  drvsys.o(.text)
    NVIC_SetPriority                         0x00000fa5   Thumb Code    60  drvsys.o(.text)
    .text                                    0x00001718   Section        0  abc123.o(.text)
    .text                                    0x0000184c   Section        8  libspace.o(.text)
    .text                                    0x00001854   Section      346  aeabi_sdiv.o(.text)
    .text                                    0x000019ae   Section        0  heapauxi.o(.text)
    .text                                    0x000019b4   Section       62  sys_stackheap_outer.o(.text)
    .text                                    0x000019f2   Section        0  exit.o(.text)
    .text                                    0x00001a00   Section        0  sys_exit.o(.text)
    .text                                    0x00001a0c   Section        2  use_no_semi.o(.text)
    .text                                    0x00001a0e   Section        0  indicate_semi.o(.text)
    .text                                    0x00001a0e   Section        0  __dczerorl2.o(.text)
    SVC_TABLE                                0x00001a64   Section        4  SVC_Table.o(SVC_TABLE)
    i.__ARM_common_switch8                   0x00001a68   Section        0  drvgpio.o(i.__ARM_common_switch8)
    i._init_box                              0x00001a82   Section        0  rt_membox.o(i._init_box)
    i.rt_alloc_box                           0x00001aca   Section        0  rt_membox.o(i.rt_alloc_box)
    i.rt_block                               0x00001ae8   Section        0  rt_task.o(i.rt_block)
    i.rt_chk_robin                           0x00001b20   Section        0  rt_robin.o(i.rt_chk_robin)
    i.rt_dec_dly                             0x00001b64   Section        0  rt_list.o(i.rt_dec_dly)
    i.rt_dispatch                            0x00001bdc   Section        0  rt_task.o(i.rt_dispatch)
    i.rt_dly_wait                            0x00001c1c   Section        0  rt_time.o(i.rt_dly_wait)
    i.rt_evt_psh                             0x00001c28   Section        0  rt_event.o(i.rt_evt_psh)
    i.rt_free_box                            0x00001c74   Section        0  rt_membox.o(i.rt_free_box)
    i.rt_get_first                           0x00001c9a   Section        0  rt_list.o(i.rt_get_first)
    i.rt_init_context                        0x00001cc4   Section        0  rt_task.o(i.rt_init_context)
    rt_init_context                          0x00001cc5   Thumb Code    64  rt_task.o(i.rt_init_context)
    i.rt_init_robin                          0x00001d08   Section        0  rt_robin.o(i.rt_init_robin)
    i.rt_init_stack                          0x00001d20   Section        0  hal_cm1.o(i.rt_init_stack)
    i.rt_mbx_psh                             0x00001d6c   Section        0  rt_mailbox.o(i.rt_mbx_psh)
    i.rt_mut_init                            0x00001e18   Section        0  rt_mutex.o(i.rt_mut_init)
    i.rt_mut_release                         0x00001e28   Section        0  rt_mutex.o(i.rt_mut_release)
    i.rt_mut_wait                            0x00001ed0   Section        0  rt_mutex.o(i.rt_mut_wait)
    i.rt_pop_req                             0x00001f3c   Section        0  rt_system.o(i.rt_pop_req)
    i.rt_put_dly                             0x00001fac   Section        0  rt_list.o(i.rt_put_dly)
    i.rt_put_prio                            0x00001ffc   Section        0  rt_list.o(i.rt_put_prio)
    i.rt_put_rdy_first                       0x00002038   Section        0  rt_list.o(i.rt_put_rdy_first)
    i.rt_resort_prio                         0x0000204c   Section        0  rt_list.o(i.rt_resort_prio)
    i.rt_rmv_dly                             0x0000207c   Section        0  rt_list.o(i.rt_rmv_dly)
    i.rt_rmv_list                            0x000020a8   Section        0  rt_list.o(i.rt_rmv_list)
    i.rt_sem_psh                             0x000020dc   Section        0  rt_semaphore.o(i.rt_sem_psh)
    i.rt_stk_check                           0x00002110   Section        0  rt_system.o(i.rt_stk_check)
    i.rt_switch_req                          0x00002138   Section        0  rt_task.o(i.rt_switch_req)
    i.rt_sys_init                            0x00002148   Section        0  rt_task.o(i.rt_sys_init)
    i.rt_systick                             0x0000225c   Section        0  rt_system.o(i.rt_systick)
    i.rt_tmr_tick                            0x00002298   Section        0  rt_timer.o(i.rt_tmr_tick)
    i.rt_tsk_create                          0x000022d8   Section        0  rt_task.o(i.rt_tsk_create)
    i.rt_tsk_self                            0x00002354   Section        0  rt_task.o(i.rt_tsk_self)
    .constdata                               0x00002364   Section        2  rtx_conf_cm.o(.constdata)
    .constdata                               0x00002368   Section        4  rtx_conf_cm.o(.constdata)
    .constdata                               0x0000236c   Section        4  rtx_conf_cm.o(.constdata)
    .constdata                               0x00002370   Section        4  rtx_conf_cm.o(.constdata)
    .constdata                               0x00002374   Section        1  rtx_conf_cm.o(.constdata)
    .constdata                               0x00002378   Section        8  rtx_conf_cm.o(.constdata)
    __tagsym$$used                           0x00002378   Number         0  rtx_conf_cm.o(.constdata)
    __tagsym$$used                           0x0000237c   Number         0  rtx_conf_cm.o(.constdata)
    .constdata                               0x00002380   Section        2  rtx_conf_cm.o(.constdata)
    .constdata                               0x00002384   Section        4  rtx_conf_cm.o(.constdata)
    .constdata                               0x00002388   Section        1  rtx_conf_cm.o(.constdata)
    .constdata                               0x0000238a   Section        2  rtx_conf_cm.o(.constdata)
    .constdata                               0x0000238c   Section       16  drvsys.o(.constdata)
    .data                                    0x20000000   Section       28  system_nuc1xx.o(.data)
    .data                                    0x2000001c   Section     1520  ascii_table.o(.data)
    .data                                    0x2000060c   Section       16  lcd_driver.o(.data)
    .data                                    0x2000061c   Section        4  rtx_conf_cm.o(.data)
    .data                                    0x20000620   Section        4  rtx_conf_cm.o(.data)
    nr_mutex                                 0x20000620   Data           4  rtx_conf_cm.o(.data)
    .data                                    0x20000624   Section       16  drvgpio.o(.data)
    _pfGPABCallback                          0x20000624   Data           4  drvgpio.o(.data)
    _pfGPCDECallback                         0x20000628   Data           4  drvgpio.o(.data)
    _pfEINT0Callback                         0x2000062c   Data           4  drvgpio.o(.data)
    _pfEINT1Callback                         0x20000630   Data           4  drvgpio.o(.data)
    .data                                    0x20000634   Section        8  drvsys.o(.data)
    BOD_callbackFn                           0x20000634   Data           4  drvsys.o(.data)
    PWRWU_callbackFn                         0x20000638   Data           4  drvsys.o(.data)
    .data                                    0x2000063c   Section       28  abc123.o(.data)
    .data                                    0x20000658   Section        8  rt_task.o(.data)
    .data                                    0x20000660   Section        2  rt_time.o(.data)
    .data                                    0x20000664   Section        8  rt_robin.o(.data)
    .data                                    0x2000066c   Section        8  rt_timer.o(.data)
    .bss                                     0x20000674   Section      300  rtx_conf_cm.o(.bss)
    .bss                                     0x200007a0   Section     3600  rtx_conf_cm.o(.bss)
    .bss                                     0x200015b0   Section      132  rtx_conf_cm.o(.bss)
    .bss                                     0x20001634   Section       24  rtx_conf_cm.o(.bss)
    .bss                                     0x2000164c   Section       20  rtx_conf_cm.o(.bss)
    .bss                                     0x20001660   Section      672  rtx_conf_cm.o(.bss)
    std_libspace                             0x20001660   Data         576  rtx_conf_cm.o(.bss)
    std_libmutex                             0x200018a0   Data          96  rtx_conf_cm.o(.bss)
    .bss                                     0x20001900   Section       48  rt_task.o(.bss)
    .bss                                     0x20001930   Section       48  rt_list.o(.bss)
    .bss                                     0x20001960   Section       96  libspace.o(.bss)
    HEAP                                     0x200019c0   Section        0  startup_nuc1xx.o(HEAP)
    STACK                                    0x200019c0   Section     1024  startup_nuc1xx.o(STACK)
    Heap_Mem                                 0x200019c0   Data           0  startup_nuc1xx.o(HEAP)
    Stack_Mem                                0x200019c0   Data        1024  startup_nuc1xx.o(STACK)
    __initial_sp                             0x20001dc0   Data           0  startup_nuc1xx.o(STACK)

    Global Symbols

    Symbol Name                              Value     Ov Type        Size  Object(Section)

    BuildAttributes$$THM_ISAv3M$S$PE$A:L22$X:L11$S22$IEEE1$IW$USESV6$~STKCKD$USESV7$~SHL$OSPACE$ROPI$EBA8$UX$STANDARDLIB$REQ8$PRES8$EABIv2 0x00000000   Number         0  anon$$obj.o ABSOLUTE
    __ARM_use_no_argv                        0x00000000   Number         0  abc123.o ABSOLUTE
    __Vectors                                0x00000000   Data           4  startup_nuc1xx.o(RESET)
    __ARM_exceptions_init                     - Undefined Weak Reference
    __alloca_initialize                       - Undefined Weak Reference
    __cpp_initialize__aeabi_                  - Undefined Weak Reference
    __cxa_finalize                            - Undefined Weak Reference
    __rt_locale                               - Undefined Weak Reference
    __sigvec_lookup                           - Undefined Weak Reference
    _atexit_init                              - Undefined Weak Reference
    _call_atexit_fns                          - Undefined Weak Reference
    _clock_init                               - Undefined Weak Reference
    _fp_trap_init                             - Undefined Weak Reference
    _fp_trap_shutdown                         - Undefined Weak Reference
    _get_lc_collate                           - Undefined Weak Reference
    _get_lc_ctype                             - Undefined Weak Reference
    _get_lc_monetary                          - Undefined Weak Reference
    _get_lc_numeric                           - Undefined Weak Reference
    _get_lc_time                              - Undefined Weak Reference
    _getenv_init                              - Undefined Weak Reference
    _handle_redirection                       - Undefined Weak Reference
    _init_alloc                               - Undefined Weak Reference
    _init_user_alloc                          - Undefined Weak Reference
    _initio                                   - Undefined Weak Reference
    _rand_init                                - Undefined Weak Reference
    _signal_finish                            - Undefined Weak Reference
    _signal_init                              - Undefined Weak Reference
    _terminate_alloc                          - Undefined Weak Reference
    _terminate_user_alloc                     - Undefined Weak Reference
    _terminateio                              - Undefined Weak Reference
    __main                                   0x000000c1   Thumb Code     8  __main.o(!!!main)
    __scatterload                            0x000000c9   Thumb Code     0  __scatter.o(!!!scatter)
    __scatterload_rt2                        0x000000c9   Thumb Code    52  __scatter.o(!!!scatter)
    __scatterload_rt2_thumb_only             0x000000c9   Thumb Code     0  __scatter.o(!!!scatter)
    __scatterload_null                       0x000000d9   Thumb Code     0  __scatter.o(!!!scatter)
    __scatterload_zeroinit                   0x00000105   Thumb Code    28  __scatter_zi.o(!!handler_zi)
    __rt_lib_init                            0x00000121   Thumb Code     0  libinit.o(.ARM.Collect$$libinit$$00000000)
    __rt_lib_init_alloca_1                   0x00000127   Thumb Code     0  libinit2.o(.ARM.Collect$$libinit$$0000002A)
    __rt_lib_init_argv_1                     0x00000127   Thumb Code     0  libinit2.o(.ARM.Collect$$libinit$$00000028)
    __rt_lib_init_atexit_1                   0x00000127   Thumb Code     0  libinit2.o(.ARM.Collect$$libinit$$00000017)
    __rt_lib_init_clock_1                    0x00000127   Thumb Code     0  libinit2.o(.ARM.Collect$$libinit$$0000001D)
    __rt_lib_init_cpp_1                      0x00000127   Thumb Code     0  libinit2.o(.ARM.Collect$$libinit$$0000002E)
    __rt_lib_init_exceptions_1               0x00000127   Thumb Code     0  libinit2.o(.ARM.Collect$$libinit$$0000002C)
    __rt_lib_init_fp_trap_1                  0x00000127   Thumb Code     0  libinit2.o(.ARM.Collect$$libinit$$0000001B)
    __rt_lib_init_getenv_1                   0x00000127   Thumb Code     0  libinit2.o(.ARM.Collect$$libinit$$0000001F)
    __rt_lib_init_heap_1                     0x00000127   Thumb Code     0  libinit2.o(.ARM.Collect$$libinit$$00000006)
    __rt_lib_init_lc_collate_1               0x00000127   Thumb Code     0  libinit2.o(.ARM.Collect$$libinit$$0000000D)
    __rt_lib_init_lc_ctype_1                 0x00000127   Thumb Code     0  libinit2.o(.ARM.Collect$$libinit$$0000000F)
    __rt_lib_init_lc_monetary_1              0x00000127   Thumb Code     0  libinit2.o(.ARM.Collect$$libinit$$00000011)
    __rt_lib_init_lc_numeric_1               0x00000127   Thumb Code     0  libinit2.o(.ARM.Collect$$libinit$$00000013)
    __rt_lib_init_lc_time_1                  0x00000127   Thumb Code     0  libinit2.o(.ARM.Collect$$libinit$$00000015)
    __rt_lib_init_rand_1                     0x00000127   Thumb Code     0  libinit2.o(.ARM.Collect$$libinit$$0000000A)
    __rt_lib_init_return                     0x00000127   Thumb Code     0  libinit2.o(.ARM.Collect$$libinit$$0000002F)
    __rt_lib_init_signal_1                   0x00000127   Thumb Code     0  libinit2.o(.ARM.Collect$$libinit$$00000019)
    __rt_lib_init_stdio_1                    0x00000127   Thumb Code     0  libinit2.o(.ARM.Collect$$libinit$$00000021)
    __rt_lib_init_user_alloc_1               0x00000127   Thumb Code     0  libinit2.o(.ARM.Collect$$libinit$$00000008)
    __rt_lib_shutdown                        0x00000129   Thumb Code     0  libshutdown.o(.ARM.Collect$$libshutdown$$00000000)
    __rt_lib_shutdown_fp_trap_1              0x0000012b   Thumb Code     0  libshutdown2.o(.ARM.Collect$$libshutdown$$00000006)
    __rt_lib_shutdown_heap_1                 0x0000012b   Thumb Code     0  libshutdown2.o(.ARM.Collect$$libshutdown$$0000000E)
    __rt_lib_shutdown_return                 0x0000012b   Thumb Code     0  libshutdown2.o(.ARM.Collect$$libshutdown$$0000000F)
    __rt_lib_shutdown_signal_1               0x0000012b   Thumb Code     0  libshutdown2.o(.ARM.Collect$$libshutdown$$00000009)
    __rt_lib_shutdown_stdio_1                0x0000012b   Thumb Code     0  libshutdown2.o(.ARM.Collect$$libshutdown$$00000003)
    __rt_lib_shutdown_user_alloc_1           0x0000012b   Thumb Code     0  libshutdown2.o(.ARM.Collect$$libshutdown$$0000000B)
    __rt_entry                               0x0000012d   Thumb Code     0  rtentry.o(.ARM.Collect$$rtentry$$00000000)
    __rt_entry_presh_1                       0x0000012d   Thumb Code     0  rtentry2.o(.ARM.Collect$$rtentry$$00000002)
    __rt_entry_sh                            0x0000012d   Thumb Code     0  rtentry4.o(.ARM.Collect$$rtentry$$00000004)
    __rt_entry_li                            0x00000133   Thumb Code     0  rtentry2.o(.ARM.Collect$$rtentry$$0000000A)
    __rt_entry_postsh_1                      0x00000133   Thumb Code     0  rtentry2.o(.ARM.Collect$$rtentry$$00000009)
    __rt_entry_main                          0x00000137   Thumb Code     0  rtentry2.o(.ARM.Collect$$rtentry$$0000000D)
    __rt_entry_postli_1                      0x00000137   Thumb Code     0  rtentry2.o(.ARM.Collect$$rtentry$$0000000C)
    __rt_exit                                0x0000013f   Thumb Code     0  rtexit.o(.ARM.Collect$$rtexit$$00000000)
    __rt_exit_ls                             0x00000141   Thumb Code     0  rtexit2.o(.ARM.Collect$$rtexit$$00000003)
    __rt_exit_prels_1                        0x00000141   Thumb Code     0  rtexit2.o(.ARM.Collect$$rtexit$$00000002)
    __rt_exit_exit                           0x00000145   Thumb Code     0  rtexit2.o(.ARM.Collect$$rtexit$$00000004)
    rt_set_PSP                               0x0000014d   Thumb Code     6  hal_cm1.o(.emb_text)
    os_set_env                               0x00000153   Thumb Code    30  hal_cm1.o(.emb_text)
    _alloc_box                               0x00000175   Thumb Code    28  hal_cm1.o(.emb_text)
    _free_box                                0x00000195   Thumb Code    28  hal_cm1.o(.emb_text)
    SVC_Handler                              0x000001b5   Thumb Code   152  hal_cm1.o(.emb_text)
    PendSV_Handler                           0x00000259   Thumb Code     0  hal_cm1.o(.emb_text)
    Sys_Handler                              0x00000259   Thumb Code    96  hal_cm1.o(.emb_text)
    SysTick_Handler                          0x000002b3   Thumb Code     0  hal_cm1.o(.emb_text)
    Reset_Handler                            0x000002bd   Thumb Code    32  startup_nuc1xx.o(.text)
    NMI_Handler                              0x000002dd   Thumb Code     2  startup_nuc1xx.o(.text)
    HardFault_Handler                        0x000002df   Thumb Code     2  startup_nuc1xx.o(.text)
    ACMP_IRQHandler                          0x000002e7   Thumb Code     0  startup_nuc1xx.o(.text)
    ADC_IRQHandler                           0x000002e7   Thumb Code     0  startup_nuc1xx.o(.text)
    CAN0_IRQHandler                          0x000002e7   Thumb Code     0  startup_nuc1xx.o(.text)
    I2C0_IRQHandler                          0x000002e7   Thumb Code     0  startup_nuc1xx.o(.text)
    I2C1_IRQHandler                          0x000002e7   Thumb Code     0  startup_nuc1xx.o(.text)
    I2S_IRQHandler                           0x000002e7   Thumb Code     0  startup_nuc1xx.o(.text)
    PDMA_IRQHandler                          0x000002e7   Thumb Code     0  startup_nuc1xx.o(.text)
    PS2_IRQHandler                           0x000002e7   Thumb Code     0  startup_nuc1xx.o(.text)
    PWMA_IRQHandler                          0x000002e7   Thumb Code     0  startup_nuc1xx.o(.text)
    PWMB_IRQHandler                          0x000002e7   Thumb Code     0  startup_nuc1xx.o(.text)
    RTC_IRQHandler                           0x000002e7   Thumb Code     0  startup_nuc1xx.o(.text)
    SPI0_IRQHandler                          0x000002e7   Thumb Code     0  startup_nuc1xx.o(.text)
    SPI1_IRQHandler                          0x000002e7   Thumb Code     0  startup_nuc1xx.o(.text)
    SPI2_IRQHandler                          0x000002e7   Thumb Code     0  startup_nuc1xx.o(.text)
    SPI3_IRQHandler                          0x000002e7   Thumb Code     0  startup_nuc1xx.o(.text)
    TMR0_IRQHandler                          0x000002e7   Thumb Code     0  startup_nuc1xx.o(.text)
    TMR1_IRQHandler                          0x000002e7   Thumb Code     0  startup_nuc1xx.o(.text)
    TMR2_IRQHandler                          0x000002e7   Thumb Code     0  startup_nuc1xx.o(.text)
    TMR3_IRQHandler                          0x000002e7   Thumb Code     0  startup_nuc1xx.o(.text)
    UART02_IRQHandler                        0x000002e7   Thumb Code     0  startup_nuc1xx.o(.text)
    UART1_IRQHandler                         0x000002e7   Thumb Code     0  startup_nuc1xx.o(.text)
    USBD_IRQHandler                          0x000002e7   Thumb Code     0  startup_nuc1xx.o(.text)
    WDT_IRQHandler                           0x000002e7   Thumb Code     0  startup_nuc1xx.o(.text)
    __user_initial_stackheap                 0x000002e9   Thumb Code     0  startup_nuc1xx.o(.text)
    SystemCoreClockUpdate                    0x00000321   Thumb Code   110  system_nuc1xx.o(.text)
    SystemInit                               0x0000038f   Thumb Code     2  system_nuc1xx.o(.text)
    SysTimerDelay                            0x000003a5   Thumb Code    24  lcd_driver.o(.text)
    Initial_panel                            0x000003bd   Thumb Code   248  lcd_driver.o(.text)
    __RL_RTX_VER                             0x00000450   Number         0  rt_system.o ABSOLUTE
    WriteData                                0x000004b5   Thumb Code    44  lcd_driver.o(.text)
    SetPACA                                  0x000004e1   Thumb Code   116  lcd_driver.o(.text)
    Disable_Buzzer                           0x00000555   Thumb Code    22  lcd_driver.o(.text)
    Show_Word                                0x0000056b   Thumb Code    80  lcd_driver.o(.text)
    print_lcd                                0x000005bb   Thumb Code    34  lcd_driver.o(.text)
    clr_all_panel                            0x000005dd   Thumb Code    36  lcd_driver.o(.text)
    draw_LCD                                 0x00000601   Thumb Code    56  lcd_driver.o(.text)
    os_idle_demon                            0x00000649   Thumb Code     2  rtx_conf_cm.o(.text)
    os_tmr_call                              0x0000064b   Thumb Code     2  rtx_conf_cm.o(.text)
    os_error                                 0x0000064d   Thumb Code     2  rtx_conf_cm.o(.text)
    __user_perthread_libspace                0x0000064f   Thumb Code    26  rtx_conf_cm.o(.text)
    _mutex_initialize                        0x00000669   Thumb Code    36  rtx_conf_cm.o(.text)
    _mutex_acquire                           0x0000068d   Thumb Code    24  rtx_conf_cm.o(.text)
    _mutex_release                           0x000006a5   Thumb Code    22  rtx_conf_cm.o(.text)
    GPAB_IRQHandler                          0x00000715   Thumb Code    38  drvgpio.o(.text)
    GPCDE_IRQHandler                         0x0000073b   Thumb Code    38  drvgpio.o(.text)
    EINT0_IRQHandler                         0x00000761   Thumb Code    22  drvgpio.o(.text)
    EINT1_IRQHandler                         0x00000777   Thumb Code    22  drvgpio.o(.text)
    DrvGPIO_Open                             0x0000078d   Thumb Code    76  drvgpio.o(.text)
    DrvGPIO_Close                            0x000007d9   Thumb Code    42  drvgpio.o(.text)
    DrvGPIO_SetBit                           0x00000803   Thumb Code    28  drvgpio.o(.text)
    DrvGPIO_GetBit                           0x0000081f   Thumb Code    26  drvgpio.o(.text)
    DrvGPIO_ClrBit                           0x00000839   Thumb Code    28  drvgpio.o(.text)
    DrvGPIO_SetPortBits                      0x00000855   Thumb Code    12  drvgpio.o(.text)
    DrvGPIO_GetPortBits                      0x00000861   Thumb Code    10  drvgpio.o(.text)
    DrvGPIO_GetDoutBit                       0x0000086b   Thumb Code    24  drvgpio.o(.text)
    DrvGPIO_GetPortDoutBits                  0x00000883   Thumb Code    18  drvgpio.o(.text)
    DrvGPIO_SetBitMask                       0x00000895   Thumb Code    22  drvgpio.o(.text)
    DrvGPIO_GetBitMask                       0x000008ab   Thumb Code    18  drvgpio.o(.text)
    DrvGPIO_ClrBitMask                       0x000008bd   Thumb Code    22  drvgpio.o(.text)
    DrvGPIO_GetPortMask                      0x000008d3   Thumb Code    10  drvgpio.o(.text)
    DrvGPIO_SetPortMask                      0x000008dd   Thumb Code    24  drvgpio.o(.text)
    DrvGPIO_ClrPortMask                      0x000008f5   Thumb Code    24  drvgpio.o(.text)
    DrvGPIO_EnableDigitalInputBit            0x0000090d   Thumb Code    24  drvgpio.o(.text)
    DrvGPIO_DisableDigitalInputBit           0x00000925   Thumb Code    24  drvgpio.o(.text)
    DrvGPIO_EnableDebounce                   0x0000093d   Thumb Code    34  drvgpio.o(.text)
    DrvGPIO_DisableDebounce                  0x0000095f   Thumb Code    34  drvgpio.o(.text)
    DrvGPIO_SetDebounceTime                  0x00000981   Thumb Code    44  drvgpio.o(.text)
    DrvGPIO_GetDebounceSampleCycle           0x000009ad   Thumb Code    12  drvgpio.o(.text)
    DrvGPIO_EnableInt                        0x000009b9   Thumb Code   166  drvgpio.o(.text)
    DrvGPIO_DisableInt                       0x00000a5f   Thumb Code    66  drvgpio.o(.text)
    DrvGPIO_SetIntCallback                   0x00000aa1   Thumb Code     6  drvgpio.o(.text)
    DrvGPIO_EnableEINT0                      0x00000aa7   Thumb Code   122  drvgpio.o(.text)
    DrvGPIO_DisableEINT0                     0x00000b21   Thumb Code    24  drvgpio.o(.text)
    DrvGPIO_EnableEINT1                      0x00000b39   Thumb Code    98  drvgpio.o(.text)
    DrvGPIO_DisableEINT1                     0x00000b9b   Thumb Code    24  drvgpio.o(.text)
    DrvGPIO_GetIntStatus                     0x00000bb3   Thumb Code    12  drvgpio.o(.text)
    DrvGPIO_InitFunction                     0x00000bbf   Thumb Code   942  drvgpio.o(.text)
    DrvGPIO_GetVersion                       0x00000f6d   Thumb Code     4  drvgpio.o(.text)
    DrvSYS_GetVersion                        0x00000fe1   Thumb Code     4  drvsys.o(.text)
    DrvSYS_ReadProductID                     0x00000fe5   Thumb Code     8  drvsys.o(.text)
    DrvSYS_UnlockProtectedReg                0x00000fed   Thumb Code    30  drvsys.o(.text)
    DrvSYS_LockProtectedReg                  0x0000100b   Thumb Code    20  drvsys.o(.text)
    DrvSYS_IsProtectedRegLocked              0x0000101f   Thumb Code    10  drvsys.o(.text)
    DrvSYS_GetResetSource                    0x00001029   Thumb Code     8  drvsys.o(.text)
    DrvSYS_ClearResetSource                  0x00001031   Thumb Code    10  drvsys.o(.text)
    DrvSYS_ResetIP                           0x0000103b   Thumb Code    52  drvsys.o(.text)
    DrvSYS_ResetCPU                          0x0000106f   Thumb Code    14  drvsys.o(.text)
    DrvSYS_ResetChip                         0x0000107d   Thumb Code    14  drvsys.o(.text)
    DrvSYS_SelectBODVolt                     0x0000108b   Thumb Code    20  drvsys.o(.text)
    DrvSYS_SetBODFunction                    0x0000109f   Thumb Code    68  drvsys.o(.text)
    DrvSYS_EnableBODLowPowerMode             0x000010e3   Thumb Code    14  drvsys.o(.text)
    DrvSYS_DisableBODLowPowerMode            0x000010f1   Thumb Code    14  drvsys.o(.text)
    DrvSYS_GetBODState                       0x000010ff   Thumb Code    12  drvsys.o(.text)
    DrvSYS_EnableLowVoltReset                0x0000110b   Thumb Code    14  drvsys.o(.text)
    DrvSYS_DisableLowVoltReset               0x00001119   Thumb Code    14  drvsys.o(.text)
    DrvSYS_EnableTemperatureSensor           0x00001127   Thumb Code    14  drvsys.o(.text)
    DrvSYS_DisableTemperatureSensor          0x00001135   Thumb Code    14  drvsys.o(.text)
    DrvSYS_EnablePOR                         0x00001143   Thumb Code    10  drvsys.o(.text)
    DrvSYS_DisablePOR                        0x0000114d   Thumb Code     8  drvsys.o(.text)
    BOD_IRQHandler                           0x00001155   Thumb Code    24  drvsys.o(.text)
    DrvSYS_SetIPClock                        0x0000116d   Thumb Code    78  drvsys.o(.text)
    DrvSYS_SelectHCLKSource                  0x000011bb   Thumb Code    42  drvsys.o(.text)
    DrvSYS_SelectSysTickSource               0x000011e5   Thumb Code    36  drvsys.o(.text)
    DrvSYS_SelectIPClockSource               0x00001209   Thumb Code   196  drvsys.o(.text)
    DrvSYS_SetClockDivider                   0x000012cd   Thumb Code    92  drvsys.o(.text)
    DrvSYS_SetOscCtrl                        0x00001329   Thumb Code    78  drvsys.o(.text)
    PWRWU_IRQHandler                         0x00001377   Thumb Code    22  drvsys.o(.text)
    DrvSYS_SetPowerDownWakeUpInt             0x0000138d   Thumb Code   108  drvsys.o(.text)
    DrvSYS_EnterPowerDown                    0x000013f9   Thumb Code    34  drvsys.o(.text)
    DrvSYS_SelectPLLSource                   0x0000141b   Thumb Code    18  drvsys.o(.text)
    DrvSYS_SetPLLMode                        0x0000142d   Thumb Code    32  drvsys.o(.text)
    DrvSYS_GetExtClockFreq                   0x0000144d   Thumb Code     4  drvsys.o(.text)
    DrvSYS_GetPLLContent                     0x00001451   Thumb Code   130  drvsys.o(.text)
    DrvSYS_SetPLLContent                     0x000014d3   Thumb Code    54  drvsys.o(.text)
    DrvSYS_GetPLLClockFreq                   0x00001509   Thumb Code    76  drvsys.o(.text)
    DrvSYS_GetHCLKFreq                       0x00001555   Thumb Code    76  drvsys.o(.text)
    DrvSYS_Open                              0x000015a1   Thumb Code   116  drvsys.o(.text)
    DrvSYS_SetFreqDividerOutput              0x00001615   Thumb Code    58  drvsys.o(.text)
    DrvSYS_EnableHighPerformanceMode         0x0000164f   Thumb Code    14  drvsys.o(.text)
    DrvSYS_DisableHighPerformanceMode        0x0000165d   Thumb Code    14  drvsys.o(.text)
    DrvSYS_Delay                             0x0000166b   Thumb Code    26  drvsys.o(.text)
    DrvSYS_GetChipClockSourceStatus          0x00001685   Thumb Code    58  drvsys.o(.text)
    DrvSYS_GetClockSwitchStatus              0x000016bf   Thumb Code    10  drvsys.o(.text)
    DrvSYS_ClearClockSwitchStatus            0x000016c9   Thumb Code    12  drvsys.o(.text)
    task2                                    0x00001719   Thumb Code    90  abc123.o(.text)
    task1                                    0x00001773   Thumb Code    96  abc123.o(.text)
    main                                     0x000017d3   Thumb Code    54  abc123.o(.text)
    __user_libspace                          0x0000184d   Thumb Code     8  libspace.o(.text)
    __user_perproc_libspace                  0x0000184d   Thumb Code     0  libspace.o(.text)
    __aeabi_uidiv                            0x00001855   Thumb Code     0  aeabi_sdiv.o(.text)
    __aeabi_uidivmod                         0x00001855   Thumb Code    20  aeabi_sdiv.o(.text)
    __aeabi_idiv                             0x00001869   Thumb Code     0  aeabi_sdiv.o(.text)
    __aeabi_idivmod                          0x00001869   Thumb Code   326  aeabi_sdiv.o(.text)
    __use_two_region_memory                  0x000019af   Thumb Code     2  heapauxi.o(.text)
    __rt_heap_escrow$2region                 0x000019b1   Thumb Code     2  heapauxi.o(.text)
    __rt_heap_expand$2region                 0x000019b3   Thumb Code     2  heapauxi.o(.text)
    __user_setup_stackheap                   0x000019b5   Thumb Code    62  sys_stackheap_outer.o(.text)
    exit                                     0x000019f3   Thumb Code    12  exit.o(.text)
    _sys_exit                                0x00001a01   Thumb Code     8  sys_exit.o(.text)
    __I$use$semihosting                      0x00001a0d   Thumb Code     0  use_no_semi.o(.text)
    __use_no_semihosting_swi                 0x00001a0d   Thumb Code     2  use_no_semi.o(.text)
    __decompress                             0x00001a0f   Thumb Code     0  __dczerorl2.o(.text)
    __decompress1                            0x00001a0f   Thumb Code    86  __dczerorl2.o(.text)
    __semihosting_library_function           0x00001a0f   Thumb Code     0  indicate_semi.o(.text)
    SVC_Count                                0x00001a64   Data           4  SVC_Table.o(SVC_TABLE)
    SVC_Table                                0x00001a68   Data           0  SVC_Table.o(SVC_TABLE)
    __ARM_common_switch8                     0x00001a69   Thumb Code    26  drvgpio.o(i.__ARM_common_switch8)
    _init_box                                0x00001a83   Thumb Code    72  rt_membox.o(i._init_box)
    rt_alloc_box                             0x00001acb   Thumb Code    30  rt_membox.o(i.rt_alloc_box)
    rt_block                                 0x00001ae9   Thumb Code    42  rt_task.o(i.rt_block)
    rt_chk_robin                             0x00001b21   Thumb Code    54  rt_robin.o(i.rt_chk_robin)
    rt_dec_dly                               0x00001b65   Thumb Code   112  rt_list.o(i.rt_dec_dly)
    rt_dispatch                              0x00001bdd   Thumb Code    56  rt_task.o(i.rt_dispatch)
    rt_dly_wait                              0x00001c1d   Thumb Code    10  rt_time.o(i.rt_dly_wait)
    rt_evt_psh                               0x00001c29   Thumb Code    70  rt_event.o(i.rt_evt_psh)
    rt_free_box                              0x00001c75   Thumb Code    38  rt_membox.o(i.rt_free_box)
    rt_get_first                             0x00001c9b   Thumb Code    42  rt_list.o(i.rt_get_first)
    rt_init_robin                            0x00001d09   Thumb Code    14  rt_robin.o(i.rt_init_robin)
    rt_init_stack                            0x00001d21   Thumb Code    68  hal_cm1.o(i.rt_init_stack)
    rt_mbx_psh                               0x00001d6d   Thumb Code   168  rt_mailbox.o(i.rt_mbx_psh)
    rt_mut_init                              0x00001e19   Thumb Code    16  rt_mutex.o(i.rt_mut_init)
    rt_mut_release                           0x00001e29   Thumb Code   158  rt_mutex.o(i.rt_mut_release)
    rt_mut_wait                              0x00001ed1   Thumb Code   102  rt_mutex.o(i.rt_mut_wait)
    rt_pop_req                               0x00001f3d   Thumb Code    98  rt_system.o(i.rt_pop_req)
    rt_put_dly                               0x00001fad   Thumb Code    74  rt_list.o(i.rt_put_dly)
    rt_put_prio                              0x00001ffd   Thumb Code    60  rt_list.o(i.rt_put_prio)
    rt_put_rdy_first                         0x00002039   Thumb Code    14  rt_list.o(i.rt_put_rdy_first)
    rt_resort_prio                           0x0000204d   Thumb Code    44  rt_list.o(i.rt_resort_prio)
    rt_rmv_dly                               0x0000207d   Thumb Code    42  rt_list.o(i.rt_rmv_dly)
    rt_rmv_list                              0x000020a9   Thumb Code    46  rt_list.o(i.rt_rmv_list)
    rt_sem_psh                               0x000020dd   Thumb Code    46  rt_semaphore.o(i.rt_sem_psh)
    rt_stk_check                             0x00002111   Thumb Code    30  rt_system.o(i.rt_stk_check)
    rt_switch_req                            0x00002139   Thumb Code    10  rt_task.o(i.rt_switch_req)
    rt_sys_init                              0x00002149   Thumb Code   196  rt_task.o(i.rt_sys_init)
    rt_systick                               0x0000225d   Thumb Code    46  rt_system.o(i.rt_systick)
    rt_tmr_tick                              0x00002299   Thumb Code    56  rt_timer.o(i.rt_tmr_tick)
    rt_tsk_create                            0x000022d9   Thumb Code   108  rt_task.o(i.rt_tsk_create)
    rt_tsk_self                              0x00002355   Thumb Code    12  rt_task.o(i.rt_tsk_self)
    os_maxtaskrun                            0x00002364   Data           2  rtx_conf_cm.o(.constdata)
    os_stackinfo                             0x00002368   Data           4  rtx_conf_cm.o(.constdata)
    os_rrobin                                0x0000236c   Data           4  rtx_conf_cm.o(.constdata)
    os_trv                                   0x00002370   Data           4  rtx_conf_cm.o(.constdata)
    os_flags                                 0x00002374   Data           1  rtx_conf_cm.o(.constdata)
    os_clockrate                             0x00002378   Data           4  rtx_conf_cm.o(.constdata)
    os_timernum                              0x0000237c   Data           4  rtx_conf_cm.o(.constdata)
    mp_tcb_size                              0x00002380   Data           2  rtx_conf_cm.o(.constdata)
    mp_stk_size                              0x00002384   Data           4  rtx_conf_cm.o(.constdata)
    os_fifo_size                             0x00002388   Data           1  rtx_conf_cm.o(.constdata)
    mp_tmr_size                              0x0000238a   Data           2  rtx_conf_cm.o(.constdata)
    Region$$Table$$Base                      0x0000239c   Number         0  anon$$obj.o(Region$$Table)
    Region$$Table$$Limit                     0x000023bc   Number         0  anon$$obj.o(Region$$Table)
    SystemCoreClock                          0x20000000   Data           4  system_nuc1xx.o(.data)
    CyclesPerUs                              0x20000004   Data           4  system_nuc1xx.o(.data)
    gau32ClkSrcTbl                           0x20000008   Data          20  system_nuc1xx.o(.data)
    Ascii                                    0x2000001c   Data        1520  ascii_table.o(.data)
    SPI_PORT                                 0x2000060c   Data          16  lcd_driver.o(.data)
    m_tmr                                    0x2000061c   Data           4  rtx_conf_cm.o(.data)
    str1                                     0x2000063c   Data           3  abc123.o(.data)
    str2                                     0x2000063f   Data           3  abc123.o(.data)
    k                                        0x20000644   Data           4  abc123.o(.data)
    delay                                    0x20000648   Data           4  abc123.o(.data)
    delay1                                   0x2000064c   Data           4  abc123.o(.data)
    id1                                      0x20000650   Data           4  abc123.o(.data)
    id2                                      0x20000654   Data           4  abc123.o(.data)
    os_tsk                                   0x20000658   Data           8  rt_task.o(.data)
    os_time                                  0x20000660   Data           2  rt_time.o(.data)
    os_robin                                 0x20000664   Data           8  rt_robin.o(.data)
    os_tmr                                   0x2000066c   Data           8  rt_timer.o(.data)
    mp_tcb                                   0x20000674   Data         300  rtx_conf_cm.o(.bss)
    mp_stk                                   0x200007a0   Data        3600  rtx_conf_cm.o(.bss)
    os_fifo                                  0x200015b0   Data         132  rtx_conf_cm.o(.bss)
    os_active_TCB                            0x20001634   Data          24  rtx_conf_cm.o(.bss)
    mp_tmr                                   0x2000164c   Data          20  rtx_conf_cm.o(.bss)
    os_idle_TCB                              0x20001900   Data          48  rt_task.o(.bss)
    os_rdy                                   0x20001930   Data          24  rt_list.o(.bss)
    os_dly                                   0x20001948   Data          24  rt_list.o(.bss)
    __libspace_start                         0x20001960   Data          96  libspace.o(.bss)
    __temporary_stack_top$libspace           0x200019c0   Data           0  libspace.o(.bss)



==============================================================================

Memory Map of the image

  Image Entry point : 0x000002bd

  Load Region LR_1 (Base: 0x00000000, Size: 0x00002a30, Max: 0xffffffff, ABSOLUTE, COMPRESSED[0x00002704])

    Execution Region ER_RO (Base: 0x00000000, Size: 0x000023bc, Max: 0xffffffff, ABSOLUTE)

    Base Addr    Size         Type   Attr      Idx    E Section Name        Object

    0x00000000   0x000000c0   Data   RO            3    RESET               startup_nuc1xx.o
    0x000000c0   0x00000008   Code   RO          722  * !!!main             c_p.l(__main.o)
    0x000000c8   0x0000003c   Code   RO          885    !!!scatter          c_p.l(__scatter.o)
    0x00000104   0x0000001c   Code   RO          887    !!handler_zi        c_p.l(__scatter_zi.o)
    0x00000120   0x00000006   Code   RO          760    .ARM.Collect$$libinit$$00000000  c_p.l(libinit.o)
    0x00000126   0x00000000   Code   RO          772    .ARM.Collect$$libinit$$00000006  c_p.l(libinit2.o)
    0x00000126   0x00000000   Code   RO          774    .ARM.Collect$$libinit$$00000008  c_p.l(libinit2.o)
    0x00000126   0x00000000   Code   RO          776    .ARM.Collect$$libinit$$0000000A  c_p.l(libinit2.o)
    0x00000126   0x00000000   Code   RO          779    .ARM.Collect$$libinit$$0000000D  c_p.l(libinit2.o)
    0x00000126   0x00000000   Code   RO          781    .ARM.Collect$$libinit$$0000000F  c_p.l(libinit2.o)
    0x00000126   0x00000000   Code   RO          783    .ARM.Collect$$libinit$$00000011  c_p.l(libinit2.o)
    0x00000126   0x00000000   Code   RO          785    .ARM.Collect$$libinit$$00000013  c_p.l(libinit2.o)
    0x00000126   0x00000000   Code   RO          787    .ARM.Collect$$libinit$$00000015  c_p.l(libinit2.o)
    0x00000126   0x00000000   Code   RO          789    .ARM.Collect$$libinit$$00000017  c_p.l(libinit2.o)
    0x00000126   0x00000000   Code   RO          791    .ARM.Collect$$libinit$$00000019  c_p.l(libinit2.o)
    0x00000126   0x00000000   Code   RO          793    .ARM.Collect$$libinit$$0000001B  c_p.l(libinit2.o)
    0x00000126   0x00000000   Code   RO          795    .ARM.Collect$$libinit$$0000001D  c_p.l(libinit2.o)
    0x00000126   0x00000000   Code   RO          797    .ARM.Collect$$libinit$$0000001F  c_p.l(libinit2.o)
    0x00000126   0x00000000   Code   RO          799    .ARM.Collect$$libinit$$00000021  c_p.l(libinit2.o)
    0x00000126   0x00000000   Code   RO          803    .ARM.Collect$$libinit$$00000028  c_p.l(libinit2.o)
    0x00000126   0x00000000   Code   RO          805    .ARM.Collect$$libinit$$0000002A  c_p.l(libinit2.o)
    0x00000126   0x00000000   Code   RO          807    .ARM.Collect$$libinit$$0000002C  c_p.l(libinit2.o)
    0x00000126   0x00000000   Code   RO          809    .ARM.Collect$$libinit$$0000002E  c_p.l(libinit2.o)
    0x00000126   0x00000002   Code   RO          810    .ARM.Collect$$libinit$$0000002F  c_p.l(libinit2.o)
    0x00000128   0x00000002   Code   RO          841    .ARM.Collect$$libshutdown$$00000000  c_p.l(libshutdown.o)
    0x0000012a   0x00000000   Code   RO          868    .ARM.Collect$$libshutdown$$00000003  c_p.l(libshutdown2.o)
    0x0000012a   0x00000000   Code   RO          871    .ARM.Collect$$libshutdown$$00000006  c_p.l(libshutdown2.o)
    0x0000012a   0x00000000   Code   RO          874    .ARM.Collect$$libshutdown$$00000009  c_p.l(libshutdown2.o)
    0x0000012a   0x00000000   Code   RO          876    .ARM.Collect$$libshutdown$$0000000B  c_p.l(libshutdown2.o)
    0x0000012a   0x00000000   Code   RO          879    .ARM.Collect$$libshutdown$$0000000E  c_p.l(libshutdown2.o)
    0x0000012a   0x00000002   Code   RO          880    .ARM.Collect$$libshutdown$$0000000F  c_p.l(libshutdown2.o)
    0x0000012c   0x00000000   Code   RO          724    .ARM.Collect$$rtentry$$00000000  c_p.l(rtentry.o)
    0x0000012c   0x00000000   Code   RO          730    .ARM.Collect$$rtentry$$00000002  c_p.l(rtentry2.o)
    0x0000012c   0x00000006   Code   RO          742    .ARM.Collect$$rtentry$$00000004  c_p.l(rtentry4.o)
    0x00000132   0x00000000   Code   RO          732    .ARM.Collect$$rtentry$$00000009  c_p.l(rtentry2.o)
    0x00000132   0x00000004   Code   RO          733    .ARM.Collect$$rtentry$$0000000A  c_p.l(rtentry2.o)
    0x00000136   0x00000000   Code   RO          735    .ARM.Collect$$rtentry$$0000000C  c_p.l(rtentry2.o)
    0x00000136   0x00000008   Code   RO          736    .ARM.Collect$$rtentry$$0000000D  c_p.l(rtentry2.o)
    0x0000013e   0x00000002   Code   RO          762    .ARM.Collect$$rtexit$$00000000  c_p.l(rtexit.o)
    0x00000140   0x00000000   Code   RO          816    .ARM.Collect$$rtexit$$00000002  c_p.l(rtexit2.o)
    0x00000140   0x00000004   Code   RO          817    .ARM.Collect$$rtexit$$00000003  c_p.l(rtexit2.o)
    0x00000144   0x00000006   Code   RO          818    .ARM.Collect$$rtexit$$00000004  c_p.l(rtexit2.o)
    0x0000014a   0x00000002   PAD
    0x0000014c   0x00000170   Code   RO          356    .emb_text           RTX_CM1.LIB(hal_cm1.o)
    0x000002bc   0x00000064   Code   RO            4  * .text               startup_nuc1xx.o
    0x00000320   0x00000084   Code   RO           24    .text               system_nuc1xx.o
    0x000003a4   0x000002a4   Code   RO           61    .text               lcd_driver.o
    0x00000648   0x00000090   Code   RO           99    .text               rtx_conf_cm.o
    0x000006d8   0x000008cc   Code   RO          144    .text               drvgpio.o
    0x00000fa4   0x00000774   Code   RO          168    .text               drvsys.o
    0x00001718   0x00000134   Code   RO          184    .text               abc123.o
    0x0000184c   0x00000008   Code   RO          713    .text               c_p.l(libspace.o)
    0x00001854   0x0000015a   Code   RO          716    .text               c_p.l(aeabi_sdiv.o)
    0x000019ae   0x00000006   Code   RO          720    .text               c_p.l(heapauxi.o)
    0x000019b4   0x0000003e   Code   RO          746    .text               c_p.l(sys_stackheap_outer.o)
    0x000019f2   0x0000000c   Code   RO          749    .text               c_p.l(exit.o)
    0x000019fe   0x00000002   PAD
    0x00001a00   0x0000000c   Code   RO          813    .text               c_p.l(sys_exit.o)
    0x00001a0c   0x00000002   Code   RO          830    .text               c_p.l(use_no_semi.o)
    0x00001a0e   0x00000000   Code   RO          832    .text               c_p.l(indicate_semi.o)
    0x00001a0e   0x00000056   Code   RO          883    .text               c_p.l(__dczerorl2.o)
    0x00001a64   0x00000004   Code   RO          555    SVC_TABLE           RTX_CM1.LIB(SVC_Table.o)
    0x00001a68   0x0000001a   Code   RO          155    i.__ARM_common_switch8  drvgpio.o
    0x00001a82   0x00000048   Code   RO          526    i._init_box         RTX_CM1.LIB(rt_membox.o)
    0x00001aca   0x0000001e   Code   RO          527    i.rt_alloc_box      RTX_CM1.LIB(rt_membox.o)
    0x00001ae8   0x00000038   Code   RO          203    i.rt_block          RTX_CM1.LIB(rt_task.o)
    0x00001b20   0x00000044   Code   RO          504    i.rt_chk_robin      RTX_CM1.LIB(rt_robin.o)
    0x00001b64   0x00000078   Code   RO          425    i.rt_dec_dly        RTX_CM1.LIB(rt_list.o)
    0x00001bdc   0x00000040   Code   RO          204    i.rt_dispatch       RTX_CM1.LIB(rt_task.o)
    0x00001c1c   0x0000000a   Code   RO          301    i.rt_dly_wait       RTX_CM1.LIB(rt_time.o)
    0x00001c26   0x00000002   PAD
    0x00001c28   0x0000004c   Code   RO          561    i.rt_evt_psh        RTX_CM1.LIB(rt_event.o)
    0x00001c74   0x00000026   Code   RO          528    i.rt_free_box       RTX_CM1.LIB(rt_membox.o)
    0x00001c9a   0x0000002a   Code   RO          426    i.rt_get_first      RTX_CM1.LIB(rt_list.o)
    0x00001cc4   0x00000044   Code   RO          205    i.rt_init_context   RTX_CM1.LIB(rt_task.o)
    0x00001d08   0x00000018   Code   RO          505    i.rt_init_robin     RTX_CM1.LIB(rt_robin.o)
    0x00001d20   0x0000004c   Code   RO          357    i.rt_init_stack     RTX_CM1.LIB(hal_cm1.o)
    0x00001d6c   0x000000ac   Code   RO          604    i.rt_mbx_psh        RTX_CM1.LIB(rt_mailbox.o)
    0x00001e18   0x00000010   Code   RO          332    i.rt_mut_init       RTX_CM1.LIB(rt_mutex.o)
    0x00001e28   0x000000a8   Code   RO          333    i.rt_mut_release    RTX_CM1.LIB(rt_mutex.o)
    0x00001ed0   0x0000006c   Code   RO          334    i.rt_mut_wait       RTX_CM1.LIB(rt_mutex.o)
    0x00001f3c   0x00000070   Code   RO          377    i.rt_pop_req        RTX_CM1.LIB(rt_system.o)
    0x00001fac   0x00000050   Code   RO          429    i.rt_put_dly        RTX_CM1.LIB(rt_list.o)
    0x00001ffc   0x0000003c   Code   RO          430    i.rt_put_prio       RTX_CM1.LIB(rt_list.o)
    0x00002038   0x00000014   Code   RO          431    i.rt_put_rdy_first  RTX_CM1.LIB(rt_list.o)
    0x0000204c   0x00000030   Code   RO          432    i.rt_resort_prio    RTX_CM1.LIB(rt_list.o)
    0x0000207c   0x0000002a   Code   RO          433    i.rt_rmv_dly        RTX_CM1.LIB(rt_list.o)
    0x000020a6   0x00000002   PAD
    0x000020a8   0x00000034   Code   RO          434    i.rt_rmv_list       RTX_CM1.LIB(rt_list.o)
    0x000020dc   0x00000034   Code   RO          650    i.rt_sem_psh        RTX_CM1.LIB(rt_semaphore.o)
    0x00002110   0x00000028   Code   RO          379    i.rt_stk_check      RTX_CM1.LIB(rt_system.o)
    0x00002138   0x00000010   Code   RO          206    i.rt_switch_req     RTX_CM1.LIB(rt_task.o)
    0x00002148   0x00000114   Code   RO          207    i.rt_sys_init       RTX_CM1.LIB(rt_task.o)
    0x0000225c   0x0000003c   Code   RO          380    i.rt_systick        RTX_CM1.LIB(rt_system.o)
    0x00002298   0x00000040   Code   RO          686    i.rt_tmr_tick       RTX_CM1.LIB(rt_timer.o)
    0x000022d8   0x0000007c   Code   RO          208    i.rt_tsk_create     RTX_CM1.LIB(rt_task.o)
    0x00002354   0x00000010   Code   RO          212    i.rt_tsk_self       RTX_CM1.LIB(rt_task.o)
    0x00002364   0x00000002   Data   RO          106    .constdata          rtx_conf_cm.o
    0x00002366   0x00000002   PAD
    0x00002368   0x00000004   Data   RO          107    .constdata          rtx_conf_cm.o
    0x0000236c   0x00000004   Data   RO          108    .constdata          rtx_conf_cm.o
    0x00002370   0x00000004   Data   RO          109    .constdata          rtx_conf_cm.o
    0x00002374   0x00000001   Data   RO          110    .constdata          rtx_conf_cm.o
    0x00002375   0x00000003   PAD
    0x00002378   0x00000008   Data   RO          111    .constdata          rtx_conf_cm.o
    0x00002380   0x00000002   Data   RO          112    .constdata          rtx_conf_cm.o
    0x00002382   0x00000002   PAD
    0x00002384   0x00000004   Data   RO          113    .constdata          rtx_conf_cm.o
    0x00002388   0x00000001   Data   RO          114    .constdata          rtx_conf_cm.o
    0x00002389   0x00000001   PAD
    0x0000238a   0x00000002   Data   RO          115    .constdata          rtx_conf_cm.o
    0x0000238c   0x00000010   Data   RO          169    .constdata          drvsys.o
    0x0000239c   0x00000020   Data   RO          881    Region$$Table       anon$$obj.o


    Execution Region ER_RW (Base: 0x20000000, Size: 0x00000674, Max: 0xffffffff, ABSOLUTE, COMPRESSED[0x00000348])

    Base Addr    Size         Type   Attr      Idx    E Section Name        Object

    0x20000000   0x0000001c   Data   RW           25    .data               system_nuc1xx.o
    0x2000001c   0x000005f0   Data   RW           54    .data               ascii_table.o
    0x2000060c   0x00000010   Data   RW           62    .data               lcd_driver.o
    0x2000061c   0x00000004   Data   RW          116    .data               rtx_conf_cm.o
    0x20000620   0x00000004   Data   RW          117    .data               rtx_conf_cm.o
    0x20000624   0x00000010   Data   RW          145    .data               drvgpio.o
    0x20000634   0x00000008   Data   RW          170    .data               drvsys.o
    0x2000063c   0x0000001c   Data   RW          185    .data               abc123.o
    0x20000658   0x00000008   Data   RW          214    .data               RTX_CM1.LIB(rt_task.o)
    0x20000660   0x00000002   Data   RW          304    .data               RTX_CM1.LIB(rt_time.o)
    0x20000662   0x00000002   PAD
    0x20000664   0x00000008   Data   RW          506    .data               RTX_CM1.LIB(rt_robin.o)
    0x2000066c   0x00000008   Data   RW          687    .data               RTX_CM1.LIB(rt_timer.o)


    Execution Region ER_ZI (Base: 0x20000674, Size: 0x0000174c, Max: 0xffffffff, ABSOLUTE)

    Base Addr    Size         Type   Attr      Idx    E Section Name        Object

    0x20000674   0x0000012c   Zero   RW          100    .bss                rtx_conf_cm.o
    0x200007a0   0x00000e10   Zero   RW          101    .bss                rtx_conf_cm.o
    0x200015b0   0x00000084   Zero   RW          102    .bss                rtx_conf_cm.o
    0x20001634   0x00000018   Zero   RW          103    .bss                rtx_conf_cm.o
    0x2000164c   0x00000014   Zero   RW          104    .bss                rtx_conf_cm.o
    0x20001660   0x000002a0   Zero   RW          105    .bss                rtx_conf_cm.o
    0x20001900   0x00000030   Zero   RW          213    .bss                RTX_CM1.LIB(rt_task.o)
    0x20001930   0x00000030   Zero   RW          435    .bss                RTX_CM1.LIB(rt_list.o)
    0x20001960   0x00000060   Zero   RW          714    .bss                c_p.l(libspace.o)
    0x200019c0   0x00000000   Zero   RW            2    HEAP                startup_nuc1xx.o
    0x200019c0   0x00000400   Zero   RW            1    STACK               startup_nuc1xx.o


==============================================================================

Image component sizes


      Code (inc. data)   RO Data    RW Data    ZI Data      Debug   Object Name

       308         68          0         28          0       1370   abc123.o
         0          0          0       1520          0        364   ascii_table.o
         0          0          0          0          0       4156   core_cm0.o
      2278        130          0         16          0      19397   drvgpio.o
      1908        128         16          8          0      11365   drvsys.o
       676         16          0         16          0     128533   lcd_driver.o
       144         30         32          8       4748     127332   rtx_conf_cm.o
       100         46        192          0       1024        568   startup_nuc1xx.o
       132         20          0         28          0       1456   system_nuc1xx.o

    ----------------------------------------------------------------------
      5546        438        280       1624       5772     294541   Object Totals
         0          0         32          0          0          0   (incl. Generated)
         0          0          8          0          0          0   (incl. Padding)

    ----------------------------------------------------------------------

      Code (inc. data)   RO Data    RW Data    ZI Data      Debug   Library Member Name

         4          4          0          0          0        136   SVC_Table.o
       444         42          0          0          0       1252   hal_cm1.o
        76          6          0          0          0        557   rt_event.o
       464         30          0          0         48       4234   rt_list.o
       172          4          0          0          0        665   rt_mailbox.o
       140          0          0          0          0       1713   rt_membox.o
       292         16          0          0          0       1697   rt_mutex.o
        92         24          0          8          0        922   rt_robin.o
        52          6          0          0          0        481   rt_semaphore.o
       212         38          0          0          0       1289   rt_system.o
       620        132          0          8         48       6256   rt_task.o
        10          0          0          2          0        548   rt_time.o
        64          8          0          8          0        595   rt_timer.o
        86          0          0          0          0          0   __dczerorl2.o
         8          0          0          0          0         68   __main.o
        60          8          0          0          0          0   __scatter.o
        28          0          0          0          0          0   __scatter_zi.o
       346          0          0          0          0         92   aeabi_sdiv.o
        12          0          0          0          0         64   exit.o
         6          0          0          0          0        136   heapauxi.o
         0          0          0          0          0          0   indicate_semi.o
         6          0          0          0          0          0   libinit.o
         2          0          0          0          0          0   libinit2.o
         2          0          0          0          0          0   libshutdown.o
         2          0          0          0          0          0   libshutdown2.o
         8          4          0          0         96         68   libspace.o
         0          0          0          0          0          0   rtentry.o
        12          0          0          0          0          0   rtentry2.o
         6          0          0          0          0          0   rtentry4.o
         2          0          0          0          0          0   rtexit.o
        10          0          0          0          0          0   rtexit2.o
        12          4          0          0          0         60   sys_exit.o
        62          0          0          0          0         80   sys_stackheap_outer.o
         2          0          0          0          0         68   use_no_semi.o

    ----------------------------------------------------------------------
      3322        326          0         28        192      20981   Library Totals
         8          0          0          2          0          0   (incl. Padding)

    ----------------------------------------------------------------------

      Code (inc. data)   RO Data    RW Data    ZI Data      Debug   Library Name

      2642        310          0         26         96      20345   RTX_CM1.LIB
       672         16          0          0         96        636   c_p.l

    ----------------------------------------------------------------------
      3322        326          0         28        192      20981   Library Totals

    ----------------------------------------------------------------------

==============================================================================


      Code (inc. data)   RO Data    RW Data    ZI Data      Debug   

      8868        764        280       1652       5964     312966   Grand Totals
      8868        764        280        840       5964     312966   ELF Image Totals (compressed)
      8868        764        280        840          0          0   ROM Totals

==============================================================================

    Total RO  Size (Code + RO Data)                 9148 (   8.93kB)
    Total RW  Size (RW Data + ZI Data)              7616 (   7.44kB)
    Total ROM Size (Code + RO Data + RW Data)       9988 (   9.75kB)

==============================================================================

